Archive member included because of file (symbol)

/opt/altera/altera12.1/nios2eds/bin/gnu/H-i686-pc-linux-gnu/bin/../lib/gcc/nios2-elf/4.1.2/../../../../nios2-elf/lib/libc.a(lib_a-printf.o)
                              obj/default/main.o (printf)
/opt/altera/altera12.1/nios2eds/bin/gnu/H-i686-pc-linux-gnu/bin/../lib/gcc/nios2-elf/4.1.2/../../../../nios2-elf/lib/libc.a(lib_a-putchar.o)
                              obj/default/main.o (putchar)
/opt/altera/altera12.1/nios2eds/bin/gnu/H-i686-pc-linux-gnu/bin/../lib/gcc/nios2-elf/4.1.2/../../../../nios2-elf/lib/libc.a(lib_a-puts.o)
                              obj/default/DM9000A.o (puts)
/opt/altera/altera12.1/nios2eds/bin/gnu/H-i686-pc-linux-gnu/bin/../lib/gcc/nios2-elf/4.1.2/../../../../nios2-elf/lib/libc.a(lib_a-strlen.o)
                              obj/default/LCD.o (strlen)
/opt/altera/altera12.1/nios2eds/bin/gnu/H-i686-pc-linux-gnu/bin/../lib/gcc/nios2-elf/4.1.2/../../../../nios2-elf/lib/libc.a(lib_a-vfprintf.o)
                              /opt/altera/altera12.1/nios2eds/bin/gnu/H-i686-pc-linux-gnu/bin/../lib/gcc/nios2-elf/4.1.2/../../../../nios2-elf/lib/libc.a(lib_a-printf.o) (___vfprintf_internal_r)
/opt/altera/altera12.1/nios2eds/bin/gnu/H-i686-pc-linux-gnu/bin/../lib/gcc/nios2-elf/4.1.2/../../../../nios2-elf/lib/libc.a(lib_a-wsetup.o)
                              /opt/altera/altera12.1/nios2eds/bin/gnu/H-i686-pc-linux-gnu/bin/../lib/gcc/nios2-elf/4.1.2/../../../../nios2-elf/lib/libc.a(lib_a-vfprintf.o) (__swsetup_r)
/opt/altera/altera12.1/nios2eds/bin/gnu/H-i686-pc-linux-gnu/bin/../lib/gcc/nios2-elf/4.1.2/../../../../nios2-elf/lib/libc.a(lib_a-dtoa.o)
                              /opt/altera/altera12.1/nios2eds/bin/gnu/H-i686-pc-linux-gnu/bin/../lib/gcc/nios2-elf/4.1.2/../../../../nios2-elf/lib/libc.a(lib_a-vfprintf.o) (_dtoa_r)
/opt/altera/altera12.1/nios2eds/bin/gnu/H-i686-pc-linux-gnu/bin/../lib/gcc/nios2-elf/4.1.2/../../../../nios2-elf/lib/libc.a(lib_a-fflush.o)
                              /opt/altera/altera12.1/nios2eds/bin/gnu/H-i686-pc-linux-gnu/bin/../lib/gcc/nios2-elf/4.1.2/../../../../nios2-elf/lib/libc.a(lib_a-vfprintf.o) (_fflush_r)
/opt/altera/altera12.1/nios2eds/bin/gnu/H-i686-pc-linux-gnu/bin/../lib/gcc/nios2-elf/4.1.2/../../../../nios2-elf/lib/libc.a(lib_a-findfp.o)
                              /opt/altera/altera12.1/nios2eds/bin/gnu/H-i686-pc-linux-gnu/bin/../lib/gcc/nios2-elf/4.1.2/../../../../nios2-elf/lib/libc.a(lib_a-vfprintf.o) (__sinit)
/opt/altera/altera12.1/nios2eds/bin/gnu/H-i686-pc-linux-gnu/bin/../lib/gcc/nios2-elf/4.1.2/../../../../nios2-elf/lib/libc.a(lib_a-freer.o)
                              /opt/altera/altera12.1/nios2eds/bin/gnu/H-i686-pc-linux-gnu/bin/../lib/gcc/nios2-elf/4.1.2/../../../../nios2-elf/lib/libc.a(lib_a-wsetup.o) (_free_r)
/opt/altera/altera12.1/nios2eds/bin/gnu/H-i686-pc-linux-gnu/bin/../lib/gcc/nios2-elf/4.1.2/../../../../nios2-elf/lib/libc.a(lib_a-fvwrite.o)
                              /opt/altera/altera12.1/nios2eds/bin/gnu/H-i686-pc-linux-gnu/bin/../lib/gcc/nios2-elf/4.1.2/../../../../nios2-elf/lib/libc.a(lib_a-puts.o) (__sfvwrite_r)
/opt/altera/altera12.1/nios2eds/bin/gnu/H-i686-pc-linux-gnu/bin/../lib/gcc/nios2-elf/4.1.2/../../../../nios2-elf/lib/libc.a(lib_a-fwalk.o)
                              /opt/altera/altera12.1/nios2eds/bin/gnu/H-i686-pc-linux-gnu/bin/../lib/gcc/nios2-elf/4.1.2/../../../../nios2-elf/lib/libc.a(lib_a-fflush.o) (_fwalk_reent)
/opt/altera/altera12.1/nios2eds/bin/gnu/H-i686-pc-linux-gnu/bin/../lib/gcc/nios2-elf/4.1.2/../../../../nios2-elf/lib/libc.a(lib_a-impure.o)
                              /opt/altera/altera12.1/nios2eds/bin/gnu/H-i686-pc-linux-gnu/bin/../lib/gcc/nios2-elf/4.1.2/../../../../nios2-elf/lib/libc.a(lib_a-printf.o) (_impure_ptr)
/opt/altera/altera12.1/nios2eds/bin/gnu/H-i686-pc-linux-gnu/bin/../lib/gcc/nios2-elf/4.1.2/../../../../nios2-elf/lib/libc.a(lib_a-locale.o)
                              /opt/altera/altera12.1/nios2eds/bin/gnu/H-i686-pc-linux-gnu/bin/../lib/gcc/nios2-elf/4.1.2/../../../../nios2-elf/lib/libc.a(lib_a-vfprintf.o) (_localeconv_r)
/opt/altera/altera12.1/nios2eds/bin/gnu/H-i686-pc-linux-gnu/bin/../lib/gcc/nios2-elf/4.1.2/../../../../nios2-elf/lib/libc.a(lib_a-makebuf.o)
                              /opt/altera/altera12.1/nios2eds/bin/gnu/H-i686-pc-linux-gnu/bin/../lib/gcc/nios2-elf/4.1.2/../../../../nios2-elf/lib/libc.a(lib_a-wsetup.o) (__smakebuf_r)
/opt/altera/altera12.1/nios2eds/bin/gnu/H-i686-pc-linux-gnu/bin/../lib/gcc/nios2-elf/4.1.2/../../../../nios2-elf/lib/libc.a(lib_a-mallocr.o)
                              /opt/altera/altera12.1/nios2eds/bin/gnu/H-i686-pc-linux-gnu/bin/../lib/gcc/nios2-elf/4.1.2/../../../../nios2-elf/lib/libc.a(lib_a-findfp.o) (_malloc_r)
/opt/altera/altera12.1/nios2eds/bin/gnu/H-i686-pc-linux-gnu/bin/../lib/gcc/nios2-elf/4.1.2/../../../../nios2-elf/lib/libc.a(lib_a-memchr.o)
[...]
Memory Configuration

Name             Origin             Length             Attributes
sdram_0_BEFORE_EXCEPTION 0x00000000         0x00000020
sdram_0          0x00000020         0x007fffe0
cfi_flash_0      0x00800000         0x00100000
reset            0x00900800         0x00000020
epcs_controller  0x00900820         0x000007e0
sram_0           0x00980000         0x00080000
*default*        0x00000000         0xffffffff

Linker script and memory map

LOAD ../lab2_bsp//obj/HAL/src/crt0.o
LOAD obj/default/DM9000A.o
LOAD obj/default/LCD.o
LOAD obj/default/VGA.o
LOAD obj/default/alt_up_ps2_port.o
LOAD obj/default/chargen.o
LOAD obj/default/main.o
LOAD obj/default/ps2_keyboard.o
LOAD /opt/altera/altera12.1/nios2eds/bin/gnu/H-i686-pc-linux-gnu/bin/../lib/gcc/nios2-elf/4.1.2/../../../../nios2-elf/lib/libstdc++.a
LOAD /opt/altera/altera12.1/nios2eds/bin/gnu/H-i686-pc-linux-gnu/bin/../lib/gcc/nios2-elf/4.1.2/../../../../nios2-elf/lib/libm.a
LOAD /opt/altera/altera12.1/nios2eds/bin/gnu/H-i686-pc-linux-gnu/bin/../lib/gcc/nios2-elf/4.1.2/libgcc.a
START GROUP
LOAD /opt/altera/altera12.1/nios2eds/bin/gnu/H-i686-pc-linux-gnu/bin/../lib/gcc/nios2-elf/4.1.2/../../../../nios2-elf/lib/libc.a
LOAD /opt/altera/altera12.1/nios2eds/bin/gnu/H-i686-pc-linux-gnu/bin/../lib/gcc/nios2-elf/4.1.2/libgcc.a
LOAD ../lab2_bsp//libhal_bsp.a
END GROUP
LOAD /opt/altera/altera12.1/nios2eds/bin/gnu/H-i686-pc-linux-gnu/bin/../lib/gcc/nios2-elf/4.1.2/libgcc.a
                0x00000000                __alt_mem_sdram_0 = 0x0
                0x00800000                __alt_mem_cfi_flash_0 = 0x800000
                0x00900800                __alt_mem_epcs_controller = 0x900800
                0x00980000                __alt_mem_sram_0 = 0x980000

.entry          0x00900800        0x0
 *(.entry)
 .entry         0x00900800        0x0 ../lab2_bsp//obj/HAL/src/crt0.o
                0x00900800                __reset

.exceptions     0x00000020      0x194
                0x00000020                PROVIDE (__ram_exceptions_start, ABSOLUTE (.))
                0x00000020                . = ALIGN (0x20)
 *(.irq)
 *(.exceptions.entry.label)
 .exceptions.entry.label
                0x00000020        0x0 ../lab2_bsp//libhal_bsp.a(alt_irq_entry.o)
                0x00000020                alt_irq_entry
 .exceptions.entry.label
                0x00000020        0x0 ../lab2_bsp//libhal_bsp.a(alt_exception_entry.o)
                0x00000020                alt_exception
 *(.exceptions.entry.user)
 *(.exceptions.entry)
 .exceptions.entry
                0x00000020       0x54 ../lab2_bsp//libhal_bsp.a(alt_exception_entry.o)
 *(.exceptions.irqtest.user)
 *(.exceptions.irqtest)
 .exceptions.irqtest
                0x00000074       0x10 ../lab2_bsp//libhal_bsp.a(alt_irq_entry.o)
 *(.exceptions.irqhandler.user)
 *(.exceptions.irqhandler)
 .exceptions.irqhandler
                0x00000084        0x4 ../lab2_bsp//libhal_bsp.a(alt_irq_entry.o)
 *(.exceptions.irqreturn.user)
 *(.exceptions.irqreturn)
 .exceptions.irqreturn
                0x00000088        0x4 ../lab2_bsp//libhal_bsp.a(alt_irq_entry.o)
 *(.exceptions.notirq.label)
 .exceptions.notirq.label
                0x0000008c        0x0 ../lab2_bsp//libhal_bsp.a(alt_irq_entry.o)
 *(.exceptions.notirq.user)
 *(.exceptions.notirq)
 .exceptions.notirq
                0x0000008c        0x8 ../lab2_bsp//libhal_bsp.a(alt_exception_entry.o)
 *(.exceptions.soft.user)
 *(.exceptions.soft)
 *(.exceptions.unknown.user)
 *(.exceptions.unknown)
 .exceptions.unknown
                0x00000094        0x4 ../lab2_bsp//libhal_bsp.a(alt_exception_entry.o)
 *(.exceptions.exit.label)
 .exceptions.exit.label
                0x00000098        0x0 ../lab2_bsp//libhal_bsp.a(alt_irq_entry.o)
 .exceptions.exit.label
                0x00000098        0x0 ../lab2_bsp//libhal_bsp.a(alt_exception_entry.o)
 *(.exceptions.exit.user)
 *(.exceptions.exit)
 .exceptions.exit
                0x00000098       0x54 ../lab2_bsp//libhal_bsp.a(alt_exception_entry.o)
 *(.exceptions)
 .exceptions    0x000000ec       0xc8 ../lab2_bsp//libhal_bsp.a(alt_irq_handler.o)
                0x000000ec                alt_irq_handler
                0x000001b4                PROVIDE (__ram_exceptions_end, ABSOLUTE (.))
                0x00000020                PROVIDE (__flash_exceptions_start, LOADADDR (.exceptions))

.text           0x000001b4    0x16960
                0x000001b4                PROVIDE (stext, ABSOLUTE (.))
 *(.interp)
 *(.hash)
 *(.dynsym)
 *(.dynstr)
 *(.gnu.version)
 *(.gnu.version_d)
 *(.gnu.version_r)
 *(.rel.init)
 *(.rela.init)
 *(.rel.text .rel.text.* .rel.gnu.linkonce.t.*)
 *(.rela.text .rela.text.* .rela.gnu.linkonce.t.*)
 *(.rel.fini)
 *(.rela.fini)
 *(.rel.rodata .rel.rodata.* .rel.gnu.linkonce.r.*)
 *(.rela.rodata .rela.rodata.* .rela.gnu.linkonce.r.*)
 *(.rel.data .rel.data.* .rel.gnu.linkonce.d.*)
 *(.rela.data .rela.data.* .rela.gnu.linkonce.d.*)
 *(.rel.tdata .rel.tdata.* .rel.gnu.linkonce.td.*)
 *(.rela.tdata .rela.tdata.* .rela.gnu.linkonce.td.*)
 *(.rel.tbss .rel.tbss.* .rel.gnu.linkonce.tb.*)
 *(.rela.tbss .rela.tbss.* .rela.gnu.linkonce.tb.*)
 *(.rel.ctors)
 *(.rela.ctors)
 *(.rel.dtors)
 *(.rela.dtors)
 *(.rel.got)
 *(.rela.got)
 *(.rel.sdata .rel.sdata.* .rel.gnu.linkonce.s.*)
 *(.rela.sdata .rela.sdata.* .rela.gnu.linkonce.s.*)
 *(.rel.sbss .rel.sbss.* .rel.gnu.linkonce.sb.*)
 *(.rela.sbss .rela.sbss.* .rela.gnu.linkonce.sb.*)
 *(.rel.sdata2 .rel.sdata2.* .rel.gnu.linkonce.s2.*)
 *(.rela.sdata2 .rela.sdata2.* .rela.gnu.linkonce.s2.*)
 *(.rel.sbss2 .rel.sbss2.* .rel.gnu.linkonce.sb2.*)
 *(.rela.sbss2 .rela.sbss2.* .rela.gnu.linkonce.sb2.*)
 *(.rel.bss .rel.bss.* .rel.gnu.linkonce.b.*)
 *(.rela.bss .rela.bss.* .rela.gnu.linkonce.b.*)
 *(.rel.plt)
 *(.rela.plt)
 *(.rel.dyn)
 *(.init)
 *(.plt)
 *(.text .stub .text.* .gnu.linkonce.t.*)
 .text          0x000001b4       0x48 ../lab2_bsp//obj/HAL/src/crt0.o
                0x000001b4                _start
 .text          0x000001fc      0x688 obj/default/DM9000A.o
                0x000001fc                dm9000a_iow
                0x00000250                dm9000a_ior
                0x0000029c                phy_write
                0x00000338                DM9000_init
                0x000004f0                TransmitPacket
                0x0000060c                ReceivePacket
 .text          0x00000884      0x1ec obj/default/LCD.o
                0x00000884                LCD_Init
                0x00000920                LCD_Show_Text
                0x000009a8                LCD_Line2
                0x000009e4                LCD_Test
 .text          0x00000a70      0x14c obj/default/VGA.o
                0x00000a70                Set_Cursor_XY
                0x00000ab4                Set_Cursor_Color
                0x00000b0c                Set_Pixel_On_Color
                0x00000b64                Set_Pixel_Off_Color
 .text          0x00000bbc      0x498 obj/default/alt_up_ps2_port.o
                0x00000bbc                get_mode
                0x00000c8c                clear_FIFO
                0x00000cd8                write_ctrl_reg
                0x00000d08                read_ctrl_reg
                0x00000d38                read_RI_bit
                0x00000d6c                read_RE_bit
                0x00000d9c                read_CE_bit
                0x00000dd0                read_data_reg
                0x00000e00                read_num_bytes_available
                0x00000e34                read_data_byte
                0x00000e60                write_data_byte
                0x00000ed0                write_data_byte_with_ack
                0x00000f38                read_data_byte_with_timeout
                0x00000fe0                wait_for_ack
 .text          0x00001054      0x1c4 obj/default/chargen.o
                0x00001054                put_vga_char
                0x00001198                put_vga_string
 .text          0x00001218     0x3a6c obj/default/main.o
                0x000017dc                main
 .text          0x00004c84      0x470 obj/default/ps2_keyboard.o
                0x00004c84                get_multi_byte_make_code_index
                0x00004cfc                get_single_byte_make_code_index
                0x00004d74                get_next_state
                0x00004f98                read_make_code
                0x00005034                set_keyboard_rate
                0x00005098                reset_keyboard
 .text          0x000050f4       0x78 /opt/altera/altera12.1/nios2eds/bin/gnu/H-i686-pc-linux-gnu/bin/../lib/gcc/nios2-elf/4.1.2/../../../../nios2-elf/lib/libc.a(lib_a-printf.o)
                0x000050f4                printf
                0x00005138                _printf_r
 .text          0x0000516c       0x24 /opt/altera/altera12.1/nios2eds/bin/gnu/H-i686-pc-linux-gnu/bin/../lib/gcc/nios2-elf/4.1.2/../../../../nios2-elf/lib/libc.a(lib_a-putchar.o)
                0x0000516c                putchar
                0x00005188                _putchar_r
 .text          0x00005190       0xb4 /opt/altera/altera12.1/nios2eds/bin/gnu/H-i686-pc-linux-gnu/bin/../lib/gcc/nios2-elf/4.1.2/../../../../nios2-elf/lib/libc.a(lib_a-puts.o)
                0x00005190                _puts_r
                0x00005230                puts
 .text          0x00005244       0x74 /opt/altera/altera12.1/nios2eds/bin/gnu/H-i686-pc-linux-gnu/bin/../lib/gcc/nios2-elf/4.1.2/../../../../nios2-elf/lib/libc.a(lib_a-strlen.o)
                0x00005244                strlen
 .text          0x000052b8     0x1f28 /opt/altera/altera12.1/nios2eds/bin/gnu/H-i686-pc-linux-gnu/bin/../lib/gcc/nios2-elf/4.1.2/../../../../nios2-elf/lib/libc.a(lib_a-vfprintf.o)
                0x00005310                ___vfprintf_internal_r
                0x000071bc                __vfprintf_internal
 .text          0x000071e0      0x13c /opt/altera/altera12.1/nios2eds/bin/gnu/H-i686-pc-linux-gnu/bin/../lib/gcc/nios2-elf/4.1.2/../../../../nios2-elf/lib/libc.a(lib_a-wsetup.o)
                0x000071e0                __swsetup_r
 .text          0x0000731c     0x17cc /opt/altera/altera12.1/nios2eds/bin/gnu/H-i686-pc-linux-gnu/bin/../lib/gcc/nios2-elf/4.1.2/../../../../nios2-elf/lib/libc.a(lib_a-dtoa.o)
                0x00007534                _dtoa_r
 .text          0x00008ae8      0x230 /opt/altera/altera12.1/nios2eds/bin/gnu/H-i686-pc-linux-gnu/bin/../lib/gcc/nios2-elf/4.1.2/../../../../nios2-elf/lib/libc.a(lib_a-fflush.o)
                0x00008ae8                _fflush_r
                0x00008ce4                fflush
 .text          0x00008d18      0x2c0 /opt/altera/altera12.1/nios2eds/bin/gnu/H-i686-pc-linux-gnu/bin/../lib/gcc/nios2-elf/4.1.2/../../../../nios2-elf/lib/libc.a(lib_a-findfp.o)
                0x00008d70                __sfp_lock_acquire
                0x00008d74                __sfp_lock_release
                0x00008d78                __sinit_lock_acquire
                0x00008d7c                __sinit_lock_release
                0x00008d80                __sinit
                0x00008e34                __fp_unlock_all
                0x00008e4c                __fp_lock_all
                0x00008e64                _cleanup_r
                0x00008e70                _cleanup
                0x00008e80                __sfmoreglue
                0x00008ee8                __sfp
 .text          0x00008fd8      0x440 /opt/altera/altera12.1/nios2eds/bin/gnu/H-i686-pc-linux-gnu/bin/../lib/gcc/nios2-elf/4.1.2/../../../../nios2-elf/lib/libc.a(lib_a-freer.o)
                0x00008fd8                _malloc_trim_r
                0x00009104                _free_r
 .text          0x00009418      0x49c /opt/altera/altera12.1/nios2eds/bin/gnu/H-i686-pc-linux-gnu/bin/../lib/gcc/nios2-elf/4.1.2/../../../../nios2-elf/lib/libc.a(lib_a-fvwrite.o)
                0x00009418                __sfvwrite_r
 .text          0x000098b4      0x180 /opt/altera/altera12.1/nios2eds/bin/gnu/H-i686-pc-linux-gnu/bin/../lib/gcc/nios2-elf/4.1.2/../../../../nios2-elf/lib/libc.a(lib_a-fwalk.o)
                0x000098b4                _fwalk_reent
                0x0000997c                _fwalk
 .text          0x00009a34        0x0 /opt/altera/altera12.1/nios2eds/bin/gnu/H-i686-pc-linux-gnu/bin/../lib/gcc/nios2-elf/4.1.2/../../../../nios2-elf/lib/libc.a(lib_a-impure.o)
 .text          0x00009a34       0xc4 /opt/altera/altera12.1/nios2eds/bin/gnu/H-i686-pc-linux-gnu/bin/../lib/gcc/nios2-elf/4.1.2/../../../../nios2-elf/lib/libc.a(lib_a-locale.o)
                0x00009a34                __locale_charset
                0x00009a3c                _localeconv_r
                0x00009a48                localeconv
                0x00009a58                _setlocale_r
                0x00009adc                setlocale
 .text          0x00009af8      0x194 /opt/altera/altera12.1/nios2eds/bin/gnu/H-i686-pc-linux-gnu/bin/../lib/gcc/nios2-elf/4.1.2/../../../../nios2-elf/lib/libc.a(lib_a-makebuf.o)
                0x00009af8                __smakebuf_r
 .text          0x00009c8c      0x740 /opt/altera/altera12.1/nios2eds/bin/gnu/H-i686-pc-linux-gnu/bin/../lib/gcc/nios2-elf/4.1.2/../../../../nios2-elf/lib/libc.a(lib_a-mallocr.o)
                0x00009c8c                _malloc_r
 .text          0x0000a3cc       0xe4 /opt/altera/altera12.1/nios2eds/bin/gnu/H-i686-pc-linux-gnu/bin/../lib/gcc/nios2-elf/4.1.2/../../../../nios2-elf/lib/libc.a(lib_a-memchr.o)
                0x0000a3cc                memchr
 .text          0x0000a4b0       0xa0 /opt/altera/altera12.1/nios2eds/bin/gnu/H-i686-pc-linux-gnu/bin/../lib/gcc/nios2-elf/4.1.2/../../../../nios2-elf/lib/libc.a(lib_a-memcpy.o)
                0x0000a4b0                memcpy
 .text          0x0000a550       0xe0 /opt/altera/altera12.1/nios2eds/bin/gnu/H-i686-pc-linux-gnu/bin/../lib/gcc/nios2-elf/4.1.2/../../../../nios2-elf/lib/libc.a(lib_a-memmove.o)
                0x0000a550                memmove
 .text          0x0000a630       0x98 /opt/altera/altera12.1/nios2eds/bin/gnu/H-i686-pc-linux-gnu/bin/../lib/gcc/nios2-elf/4.1.2/../../../../nios2-elf/lib/libc.a(lib_a-memset.o)
                0x0000a630                memset
 .text          0x0000a6c8      0xff4 /opt/altera/altera12.1/nios2eds/bin/gnu/H-i686-pc-linux-gnu/bin/../lib/gcc/nios2-elf/4.1.2/../../../../nios2-elf/lib/libc.a(lib_a-mprec.o)
                0x0000a6c8                _Bfree
                0x0000a6f0                __hi0bits
                0x0000a760                __lo0bits
                0x0000a824                __mcmp
                0x0000a884                __ulp
                0x0000a904                __b2d
                0x0000aa24                __ratio
                0x0000aad4                _mprec_log10
                0x0000ab68                __copybits
                0x0000abc0                __any_on
                0x0000ac48                _Balloc
                0x0000ad04                __d2b
                0x0000ae80                __mdiff
                0x0000b00c                __lshift
                0x0000b158                __multiply
                0x0000b340                __i2b
                0x0000b37c                __multadd
                0x0000b47c                __pow5mult
                0x0000b59c                __s2b
 .text          0x0000b6bc      0x1ec /opt/altera/altera12.1/nios2eds/bin/gnu/H-i686-pc-linux-gnu/bin/../lib/gcc/nios2-elf/4.1.2/../../../../nios2-elf/lib/libc.a(lib_a-putc.o)
                0x0000b6bc                putc
                0x0000b7c0                _putc_r
 .text          0x0000b8a8      0x5f4 /opt/altera/altera12.1/nios2eds/bin/gnu/H-i686-pc-linux-gnu/bin/../lib/gcc/nios2-elf/4.1.2/../../../../nios2-elf/lib/libc.a(lib_a-reallocr.o)
                0x0000b8a8                _realloc_r
 .text          0x0000be9c       0x40 /opt/altera/altera12.1/nios2eds/bin/gnu/H-i686-pc-linux-gnu/bin/../lib/gcc/nios2-elf/4.1.2/../../../../nios2-elf/lib/libc.a(lib_a-s_isinfd.o)
                0x0000be9c                __isinfd
 .text          0x0000bedc       0x30 /opt/altera/altera12.1/nios2eds/bin/gnu/H-i686-pc-linux-gnu/bin/../lib/gcc/nios2-elf/4.1.2/../../../../nios2-elf/lib/libc.a(lib_a-s_isnand.o)
                0x0000bedc                __isnand
 .text          0x0000bf0c       0x70 /opt/altera/altera12.1/nios2eds/bin/gnu/H-i686-pc-linux-gnu/bin/../lib/gcc/nios2-elf/4.1.2/../../../../nios2-elf/lib/libc.a(lib_a-sbrkr.o)
                0x0000bf0c                _sbrk_r
 .text          0x0000bf7c      0x14c /opt/altera/altera12.1/nios2eds/bin/gnu/H-i686-pc-linux-gnu/bin/../lib/gcc/nios2-elf/4.1.2/../../../../nios2-elf/lib/libc.a(lib_a-stdio.o)
                0x0000bf7c                __sclose
                0x0000bf84                __sseek
                0x0000bfec                __swrite
                0x0000c068                __sread
 .text          0x0000c0c8       0xbc /opt/altera/altera12.1/nios2eds/bin/gnu/H-i686-pc-linux-gnu/bin/../lib/gcc/nios2-elf/4.1.2/../../../../nios2-elf/lib/libc.a(lib_a-strcmp.o)
                0x0000c0c8                strcmp
 .text          0x0000c184      0x14c /opt/altera/altera12.1/nios2eds/bin/gnu/H-i686-pc-linux-gnu/bin/../lib/gcc/nios2-elf/4.1.2/../../../../nios2-elf/lib/libc.a(lib_a-wbuf.o)
                0x0000c184                __swbuf_r
                0x0000c2b4                __swbuf
 .text          0x0000c2d0       0x78 /opt/altera/altera12.1/nios2eds/bin/gnu/H-i686-pc-linux-gnu/bin/../lib/gcc/nios2-elf/4.1.2/../../../../nios2-elf/lib/libc.a(lib_a-writer.o)
                0x0000c2d0                _write_r
 .text          0x0000c348       0xb4 /opt/altera/altera12.1/nios2eds/bin/gnu/H-i686-pc-linux-gnu/bin/../lib/gcc/nios2-elf/4.1.2/../../../../nios2-elf/lib/libc.a(lib_a-callocr.o)
                0x0000c348                _calloc_r
 .text          0x0000c3fc       0x70 /opt/altera/altera12.1/nios2eds/bin/gnu/H-i686-pc-linux-gnu/bin/../lib/gcc/nios2-elf/4.1.2/../../../../nios2-elf/lib/libc.a(lib_a-closer.o)
                0x0000c3fc                _close_r
 .text          0x0000c46c      0x124 /opt/altera/altera12.1/nios2eds/bin/gnu/H-i686-pc-linux-gnu/bin/../lib/gcc/nios2-elf/4.1.2/../../../../nios2-elf/lib/libc.a(lib_a-fclose.o)
                0x0000c46c                _fclose_r
                0x0000c57c                fclose
 .text          0x0000c590       0x74 /opt/altera/altera12.1/nios2eds/bin/gnu/H-i686-pc-linux-gnu/bin/../lib/gcc/nios2-elf/4.1.2/../../../../nios2-elf/lib/libc.a(lib_a-fstatr.o)
                0x0000c590                _fstat_r
 .text          0x0000c604        0x0 /opt/altera/altera12.1/nios2eds/bin/gnu/H-i686-pc-linux-gnu/bin/../lib/gcc/nios2-elf/4.1.2/../../../../nios2-elf/lib/libc.a(lib_a-int_errno.o)
 .text          0x0000c604       0x70 /opt/altera/altera12.1/nios2eds/bin/gnu/H-i686-pc-linux-gnu/bin/../lib/gcc/nios2-elf/4.1.2/../../../../nios2-elf/lib/libc.a(lib_a-isattyr.o)
                0x0000c604                _isatty_r
 .text          0x0000c674       0x78 /opt/altera/altera12.1/nios2eds/bin/gnu/H-i686-pc-linux-gnu/bin/../lib/gcc/nios2-elf/4.1.2/../../../../nios2-elf/lib/libc.a(lib_a-lseekr.o)
                0x0000c674                _lseek_r
 .text          0x0000c6ec       0x78 /opt/altera/altera12.1/nios2eds/bin/gnu/H-i686-pc-linux-gnu/bin/../lib/gcc/nios2-elf/4.1.2/../../../../nios2-elf/lib/libc.a(lib_a-readr.o)
                0x0000c6ec                _read_r
 .text          0x0000c764      0x5dc /opt/altera/altera12.1/nios2eds/bin/gnu/H-i686-pc-linux-gnu/bin/../lib/gcc/nios2-elf/4.1.2/libgcc.a(_udivdi3.o)
                0x0000c764                __udivdi3
 .text          0x0000cd40      0x5b0 /opt/altera/altera12.1/nios2eds/bin/gnu/H-i686-pc-linux-gnu/bin/../lib/gcc/nios2-elf/4.1.2/libgcc.a(_umoddi3.o)
                0x0000cd40                __umoddi3
 .text          0x0000d2f0      0x504 /opt/altera/altera12.1/nios2eds/bin/gnu/H-i686-pc-linux-gnu/bin/../lib/gcc/nios2-elf/4.1.2/libgcc.a(_addsub_df.o)
                0x0000d700                __subdf3
                0x0000d780                __adddf3
 .text          0x0000d7f4      0x3c4 /opt/altera/altera12.1/nios2eds/bin/gnu/H-i686-pc-linux-gnu/bin/../lib/gcc/nios2-elf/4.1.2/libgcc.a(_mul_df.o)
                0x0000d7f4                __muldf3
 .text          0x0000dbb8      0x258 /opt/altera/altera12.1/nios2eds/bin/gnu/H-i686-pc-linux-gnu/bin/../lib/gcc/nios2-elf/4.1.2/libgcc.a(_div_df.o)
                0x0000dbb8                __divdf3
 .text          0x0000de10       0x88 /opt/altera/altera12.1/nios2eds/bin/gnu/H-i686-pc-linux-gnu/bin/../lib/gcc/nios2-elf/4.1.2/libgcc.a(_eq_df.o)
                0x0000de10                __eqdf2
 .text          0x0000de98       0x88 /opt/altera/altera12.1/nios2eds/bin/gnu/H-i686-pc-linux-gnu/bin/../lib/gcc/nios2-elf/4.1.2/libgcc.a(_ne_df.o)
                0x0000de98                __nedf2
 .text          0x0000df20       0x88 /opt/altera/altera12.1/nios2eds/bin/gnu/H-i686-pc-linux-gnu/bin/../lib/gcc/nios2-elf/4.1.2/libgcc.a(_gt_df.o)
                0x0000df20                __gtdf2
 .text          0x0000dfa8       0x88 /opt/altera/altera12.1/nios2eds/bin/gnu/H-i686-pc-linux-gnu/bin/../lib/gcc/nios2-elf/4.1.2/libgcc.a(_ge_df.o)
                0x0000dfa8                __gedf2
 .text          0x0000e030       0x88 /opt/altera/altera12.1/nios2eds/bin/gnu/H-i686-pc-linux-gnu/bin/../lib/gcc/nios2-elf/4.1.2/libgcc.a(_lt_df.o)
                0x0000e030                __ltdf2
 .text          0x0000e0b8       0xf8 /opt/altera/altera12.1/nios2eds/bin/gnu/H-i686-pc-linux-gnu/bin/../lib/gcc/nios2-elf/4.1.2/libgcc.a(_si_to_df.o)
                0x0000e0b8                __floatsidf
 .text          0x0000e1b0       0xd8 /opt/altera/altera12.1/nios2eds/bin/gnu/H-i686-pc-linux-gnu/bin/../lib/gcc/nios2-elf/4.1.2/libgcc.a(_df_to_si.o)
                0x0000e1b0                __fixdfsi
 .text          0x0000e288        0x0 /opt/altera/altera12.1/nios2eds/bin/gnu/H-i686-pc-linux-gnu/bin/../lib/gcc/nios2-elf/4.1.2/libgcc.a(_thenan_df.o)
 .text          0x0000e288      0x194 /opt/altera/altera12.1/nios2eds/bin/gnu/H-i686-pc-linux-gnu/bin/../lib/gcc/nios2-elf/4.1.2/libgcc.a(_usi_to_df.o)
                0x0000e288                __floatunsidf
 .text          0x0000e41c      0x14c /opt/altera/altera12.1/nios2eds/bin/gnu/H-i686-pc-linux-gnu/bin/../lib/gcc/nios2-elf/4.1.2/libgcc.a(lib2-divmod.o)
                0x0000e498                __divsi3
                0x0000e4f8                __modsi3
                0x0000e558                __udivsi3
                0x0000e560                __umodsi3
 .text          0x0000e568       0x98 /opt/altera/altera12.1/nios2eds/bin/gnu/H-i686-pc-linux-gnu/bin/../lib/gcc/nios2-elf/4.1.2/libgcc.a(_muldi3.o)
                0x0000e568                __muldi3
 .text          0x0000e600        0x0 /opt/altera/altera12.1/nios2eds/bin/gnu/H-i686-pc-linux-gnu/bin/../lib/gcc/nios2-elf/4.1.2/libgcc.a(_clz.o)
 .text          0x0000e600       0x80 /opt/altera/altera12.1/nios2eds/bin/gnu/H-i686-pc-linux-gnu/bin/../lib/gcc/nios2-elf/4.1.2/libgcc.a(_clzsi2.o)
                0x0000e600                __clzsi2
 .text          0x0000e680      0x314 /opt/altera/altera12.1/nios2eds/bin/gnu/H-i686-pc-linux-gnu/bin/../lib/gcc/nios2-elf/4.1.2/libgcc.a(_pack_df.o)
                0x0000e680                __pack_d
 .text          0x0000e994      0x138 /opt/altera/altera12.1/nios2eds/bin/gnu/H-i686-pc-linux-gnu/bin/../lib/gcc/nios2-elf/4.1.2/libgcc.a(_unpack_df.o)
                0x0000e994                __unpack_d
 .text          0x0000eacc       0xc8 /opt/altera/altera12.1/nios2eds/bin/gnu/H-i686-pc-linux-gnu/bin/../lib/gcc/nios2-elf/4.1.2/libgcc.a(_fpcmp_parts_df.o)
                0x0000eacc                __fpcmp_parts_d
 .text          0x0000eb94      0x15c ../lab2_bsp//libhal_bsp.a(alt_close.o)
                0x0000eb94                close
 .text          0x0000ecf0       0x2c ../lab2_bsp//libhal_bsp.a(alt_dev.o)
 .text          0x0000ed1c        0x0 ../lab2_bsp//libhal_bsp.a(alt_errno.o)
 .text          0x0000ed1c      0x134 ../lab2_bsp//libhal_bsp.a(alt_fstat.o)
                0x0000ed1c                fstat
 .text          0x0000ee50      0x1c0 ../lab2_bsp//libhal_bsp.a(alt_irq_register.o)
                0x0000ee50                alt_irq_register
 .text          0x0000f010        0x0 ../lab2_bsp//libhal_bsp.a(alt_irq_vars.o)
 .text          0x0000f010      0x120 ../lab2_bsp//libhal_bsp.a(alt_isatty.o)
                0x0000f010                isatty
 .text          0x0000f130      0x150 ../lab2_bsp//libhal_bsp.a(alt_lseek.o)
                0x0000f130                lseek
 .text          0x0000f280       0x6c ../lab2_bsp//libhal_bsp.a(alt_main.o)
                0x0000f280                alt_main
 .text          0x0000f2ec       0x40 ../lab2_bsp//libhal_bsp.a(alt_malloc_lock.o)
                0x0000f2ec                __malloc_lock
                0x0000f30c                __malloc_unlock
 .text          0x0000f32c      0x180 ../lab2_bsp//libhal_bsp.a(alt_read.o)
                0x0000f32c                read
 .text          0x0000f4ac       0x60 ../lab2_bsp//libhal_bsp.a(alt_release_fd.o)
                0x0000f4ac                alt_release_fd
 .text          0x0000f50c       0xbc ../lab2_bsp//libhal_bsp.a(alt_sbrk.o)
                0x0000f50c                sbrk
 .text          0x0000f5c8       0x30 ../lab2_bsp//libhal_bsp.a(alt_usleep.o)
                0x0000f5c8                usleep
 .text          0x0000f5f8      0x180 ../lab2_bsp//libhal_bsp.a(alt_write.o)
                0x0000f5f8                write
 .text          0x0000f778      0x114 ../lab2_bsp//libhal_bsp.a(alt_sys_init.o)
                0x0000f778                alt_irq_init
                0x0000f7ac                alt_sys_init
 .text          0x0000f88c      0x8c8 ../lab2_bsp//libhal_bsp.a(altera_avalon_cfi_flash.o)
                0x0000f88c                alt_flash_cfi_init
                0x0000f960                alt_flash_cfi_write
                0x0000fc20                alt_flash_cfi_get_info
                0x0000fcb0                alt_flash_cfi_read
                0x0000fd18                alt_write_value_to_flash
                0x0000fe7c                alt_flash_program_block
 .text          0x00010154     0x14a8 ../lab2_bsp//libhal_bsp.a(altera_avalon_cfi_flash_table.o)
                0x00010154                alt_read_query_entry_8bit
                0x00010194                alt_read_query_entry_16bit
                0x000101d8                alt_read_query_entry_32bit
                0x00010220                alt_write_flash_command_8bit_device_8bit_mode
                0x0001025c                alt_write_flash_command_16bit_device_8bit_mode
                0x000102d8                alt_write_flash_command_32bit_device_8bit_mode
                0x00010320                alt_write_flash_command_16bit_device_16bit_mode
                0x00010364                alt_write_flash_command_32bit_device_16bit_mode
                0x000103ac                alt_write_flash_command_32bit_device_32bit_mode
                0x000103f4                alt_write_native_8bit
                0x00010428                alt_write_native_16bit
                0x0001045c                alt_write_native_32bit
                0x0001048c                alt_set_flash_width_func
                0x0001066c                alt_set_flash_algorithm_func
                0x00010794                alt_read_cfi_table
                0x00010d74                alt_read_cfi_width
                0x00011520                alt_check_primary_table
 .text          0x000115fc      0x9e4 ../lab2_bsp//libhal_bsp.a(altera_avalon_epcs_flash_controller.o)
                0x000115fc                alt_epcs_flash_init
                0x00011a18                alt_epcs_flash_write
                0x00011c98                alt_epcs_flash_get_info
                0x00011d28                alt_epcs_flash_erase_block
                0x00011e2c                alt_epcs_flash_write_block
                0x00011f48                alt_epcs_flash_read
 .text          0x00011fe0      0x148 ../lab2_bsp//libhal_bsp.a(altera_avalon_jtag_uart_fd.o)
                0x00011fe0                altera_avalon_jtag_uart_read_fd
                0x00012038                altera_avalon_jtag_uart_write_fd
                0x00012090                altera_avalon_jtag_uart_close_fd
                0x000120d8                altera_avalon_jtag_uart_ioctl_fd
 .text          0x00012128      0x40c ../lab2_bsp//libhal_bsp.a(altera_avalon_jtag_uart_init.o)
                0x00012128                altera_avalon_jtag_uart_init
                0x000124c0                altera_avalon_jtag_uart_close
 .text          0x00012534       0xf4 ../lab2_bsp//libhal_bsp.a(altera_avalon_jtag_uart_ioctl.o)
                0x00012534                altera_avalon_jtag_uart_ioctl
 .text          0x00012628      0x224 ../lab2_bsp//libhal_bsp.a(altera_avalon_jtag_uart_read.o)
                0x00012628                altera_avalon_jtag_uart_read
 .text          0x0001284c      0x240 ../lab2_bsp//libhal_bsp.a(altera_avalon_jtag_uart_write.o)
                0x0001284c                altera_avalon_jtag_uart_write
 .text          0x00012a8c      0xee8 ../lab2_bsp//libhal_bsp.a(altera_avalon_lcd_16207.o)
                0x00013260                altera_avalon_lcd_16207_write
                0x00013838                altera_avalon_lcd_16207_init
 .text          0x00013974       0x58 ../lab2_bsp//libhal_bsp.a(altera_avalon_lcd_16207_fd.o)
                0x00013974                altera_avalon_lcd_16207_write_fd
 .text          0x000139cc      0x100 ../lab2_bsp//libhal_bsp.a(altera_avalon_timer_sc.o)
                0x00013a3c                alt_avalon_timer_sc_init
 .text          0x00013acc       0xf8 ../lab2_bsp//libhal_bsp.a(altera_avalon_uart_fd.o)
                0x00013acc                altera_avalon_uart_read_fd
                0x00013b24                altera_avalon_uart_write_fd
                0x00013b7c                altera_avalon_uart_close_fd
 .text          0x00013bc4      0x400 ../lab2_bsp//libhal_bsp.a(altera_avalon_uart_init.o)
                0x00013bc4                altera_avalon_uart_init
                0x00013f64                altera_avalon_uart_close
 .text          0x00013fc4      0x290 ../lab2_bsp//libhal_bsp.a(altera_avalon_uart_read.o)
                0x00013fc4                altera_avalon_uart_read
 .text          0x00014254      0x228 ../lab2_bsp//libhal_bsp.a(altera_avalon_uart_write.o)
                0x00014254                altera_avalon_uart_write
 .text          0x0001447c      0x6d4 ../lab2_bsp//libhal_bsp.a(epcs_commands.o)
                0x0001447c                epcs_read_status_register
                0x000144dc                epcs_sector_erase
                0x00014644                epcs_read_buffer
                0x00014790                epcs_write_enable
                0x000147e0                epcs_write_status_register
                0x00014844                epcs_write_buffer
                0x000149b4                epcs_read_electronic_signature
                0x00014a20                epcs_read_device_id
                0x00014aa0                epcs_enter_4_bytes_mode
                0x00014af8                epcs_exit_4_bytes_mode
 .text          0x00014b50      0x154 ../lab2_bsp//libhal_bsp.a(alt_alarm_start.o)
                0x00014b50                alt_alarm_start
 .text          0x00014ca4      0x14c ../lab2_bsp//libhal_bsp.a(alt_busy_sleep.o)
                0x00014ca4                alt_busy_sleep
 .text          0x00014df0       0x78 ../lab2_bsp//libhal_bsp.a(alt_dcache_flush.o)
                0x00014df0                alt_dcache_flush
 .text          0x00014e68      0x114 ../lab2_bsp//libhal_bsp.a(alt_dev_llist_insert.o)
                0x00014e68                alt_dev_llist_insert
 .text          0x00014f7c       0x64 ../lab2_bsp//libhal_bsp.a(alt_do_ctors.o)
                0x00014f7c                _do_ctors
 .text          0x00014fe0       0x64 ../lab2_bsp//libhal_bsp.a(alt_do_dtors.o)
                0x00014fe0                _do_dtors
 .text          0x00015044       0xd0 ../lab2_bsp//libhal_bsp.a(alt_flash_dev.o)
                0x00015044                alt_flash_open_dev
                0x000150c0                alt_flash_close_dev
 .text          0x00015114      0x1d4 ../lab2_bsp//libhal_bsp.a(alt_iic.o)
                0x00015114                alt_ic_isr_register
                0x00015164                alt_ic_irq_enable
                0x00015200                alt_ic_irq_disable
                0x000152a0                alt_ic_irq_enabled
 .text          0x000152e8       0xf8 ../lab2_bsp//libhal_bsp.a(alt_iic_isr_register.o)
                0x000152e8                alt_iic_isr_register
 .text          0x000153e0      0x13c ../lab2_bsp//libhal_bsp.a(alt_io_redirect.o)
                0x000154a4                alt_io_redirect
 .text          0x0001551c        0x0 ../lab2_bsp//libhal_bsp.a(alt_irq_entry.o)
 .text          0x0001551c        0x0 ../lab2_bsp//libhal_bsp.a(alt_irq_handler.o)
 .text          0x0001551c      0x2c4 ../lab2_bsp//libhal_bsp.a(alt_open.o)
                0x000155f8                open
 .text          0x000157e0      0x1a4 ../lab2_bsp//libhal_bsp.a(alt_tick.o)
                0x000157e0                alt_alarm_stop
                0x00015878                alt_tick
 .text          0x00015984       0x20 ../lab2_bsp//libhal_bsp.a(altera_nios2_irq.o)
                0x00015984                altera_nios2_irq_init
 .text          0x000159a4      0x460 ../lab2_bsp//libhal_bsp.a(altera_avalon_cfi_flash_amd.o)
                0x000159a4                alt_program_amd
                0x00015a0c                alt_erase_block_amd
 .text          0x00015e04      0x460 ../lab2_bsp//libhal_bsp.a(altera_avalon_cfi_flash_intel.o)
                0x00015e04                alt_program_intel
                0x00015e88                alt_erase_block_intel
 .text          0x00016264      0x238 ../lab2_bsp//libhal_bsp.a(altera_avalon_spi.o)
                0x00016264                alt_avalon_spi_command
 .text          0x0001649c        0x0 ../lab2_bsp//libhal_bsp.a(alt_exception_entry.o)
 .text          0x0001649c       0x94 ../lab2_bsp//libhal_bsp.a(alt_find_dev.o)
                0x0001649c                alt_find_dev
 .text          0x00016530      0x120 ../lab2_bsp//libhal_bsp.a(alt_find_file.o)
                0x00016530                alt_find_file
 .text          0x00016650       0xb8 ../lab2_bsp//libhal_bsp.a(alt_get_fd.o)
                0x00016650                alt_get_fd
 .text          0x00016708       0x14 /opt/altera/altera12.1/nios2eds/bin/gnu/H-i686-pc-linux-gnu/bin/../lib/gcc/nios2-elf/4.1.2/../../../../nios2-elf/lib/libc.a(lib_a-atexit.o)
                0x00016708                atexit
 .text          0x0001671c        0x0 /opt/altera/altera12.1/nios2eds/bin/gnu/H-i686-pc-linux-gnu/bin/../lib/gcc/nios2-elf/4.1.2/../../../../nios2-elf/lib/libc.a(lib_a-ctype_.o)
 .text          0x0001671c       0x38 /opt/altera/altera12.1/nios2eds/bin/gnu/H-i686-pc-linux-gnu/bin/../lib/gcc/nios2-elf/4.1.2/../../../../nios2-elf/lib/libc.a(lib_a-exit.o)
                0x0001671c                exit
 .text          0x00016754       0x74 /opt/altera/altera12.1/nios2eds/bin/gnu/H-i686-pc-linux-gnu/bin/../lib/gcc/nios2-elf/4.1.2/../../../../nios2-elf/lib/libc.a(lib_a-memcmp.o)
                0x00016754                memcmp
 .text          0x000167c8      0x134 /opt/altera/altera12.1/nios2eds/bin/gnu/H-i686-pc-linux-gnu/bin/../lib/gcc/nios2-elf/4.1.2/../../../../nios2-elf/lib/libc.a(lib_a-__atexit.o)
                0x000167c8                __register_exitproc
 .text          0x000168fc      0x1b4 /opt/altera/altera12.1/nios2eds/bin/gnu/H-i686-pc-linux-gnu/bin/../lib/gcc/nios2-elf/4.1.2/../../../../nios2-elf/lib/libc.a(lib_a-__call_atexit.o)
                0x00016900                __call_exitprocs
 .text          0x00016ab0       0x60 ../lab2_bsp//libhal_bsp.a(alt_exit.o)
                0x00016af0                _exit
 *(.gnu.warning.*)
 *(.fini)
                0x00016b10                PROVIDE (__etext, ABSOLUTE (.))
                0x00016b10                PROVIDE (_etext, ABSOLUTE (.))
                0x00016b10                PROVIDE (etext, ABSOLUTE (.))
 *(.eh_frame_hdr)
                0x00016b10                . = ALIGN (0x4)
                0x00016b10                PROVIDE (__preinit_array_start, ABSOLUTE (.))
 *(.preinit_array)
                0x00016b10                PROVIDE (__preinit_array_end, ABSOLUTE (.))
                0x00016b10                PROVIDE (__init_array_start, ABSOLUTE (.))
 *(.init_array)
                0x00016b10                PROVIDE (__init_array_end, ABSOLUTE (.))
                0x00016b10                PROVIDE (__fini_array_start, ABSOLUTE (.))
 *(.fini_array)
                0x00016b10                PROVIDE (__fini_array_end, ABSOLUTE (.))
 *(.eh_frame)
 *(.gcc_except_table)
 *(.dynamic)
                0x00016b10                PROVIDE (__CTOR_LIST__, ABSOLUTE (.))
 *(.ctors)
 *(SORT(.ctors.*))
 .ctors.65535   0x00016b10        0x4 /opt/altera/altera12.1/nios2eds/bin/gnu/H-i686-pc-linux-gnu/bin/../lib/gcc/nios2-elf/4.1.2/../../../../nios2-elf/lib/libc.a(lib_a-__call_atexit.o)
                0x00016b14                PROVIDE (__CTOR_END__, ABSOLUTE (.))
                0x00016b14                PROVIDE (__DTOR_LIST__, ABSOLUTE (.))
 *(.dtors)
 *(SORT(.dtors.*))
                0x00016b14                PROVIDE (__DTOR_END__, ABSOLUTE (.))
 *(.jcr)
                0x00016b14                . = ALIGN (0x4)

.rodata         0x00016b14      0xb44
                0x00016b14                PROVIDE (__ram_rodata_start, ABSOLUTE (.))
                0x00016b14                . = ALIGN (0x4)
 *(.rodata .rodata.* .gnu.linkonce.r.*)
 .rodata        0x00016b14        0x8 obj/default/DM9000A.o
 .rodata        0x00016b1c       0x28 obj/default/LCD.o
 .rodata        0x00016b44      0x330 obj/default/main.o
 .rodata        0x00016e74      0x1d0 obj/default/ps2_keyboard.o
 .rodata.str1.4
                0x00017044        0x2 /opt/altera/altera12.1/nios2eds/bin/gnu/H-i686-pc-linux-gnu/bin/../lib/gcc/nios2-elf/4.1.2/../../../../nios2-elf/lib/libc.a(lib_a-puts.o)
                                  0x4 (size before relaxing)
 *fill*         0x00017046        0x2 00
 .rodata.str1.4
                0x00017048       0x5e /opt/altera/altera12.1/nios2eds/bin/gnu/H-i686-pc-linux-gnu/bin/../lib/gcc/nios2-elf/4.1.2/../../../../nios2-elf/lib/libc.a(lib_a-vfprintf.o)
                                 0x60 (size before relaxing)
 .rodata        0x000170a6       0x20 /opt/altera/altera12.1/nios2eds/bin/gnu/H-i686-pc-linux-gnu/bin/../lib/gcc/nios2-elf/4.1.2/../../../../nios2-elf/lib/libc.a(lib_a-vfprintf.o)
 *fill*         0x000170c6        0x2 00
 .rodata.str1.4
                0x000170c8       0x10 /opt/altera/altera12.1/nios2eds/bin/gnu/H-i686-pc-linux-gnu/bin/../lib/gcc/nios2-elf/4.1.2/../../../../nios2-elf/lib/libc.a(lib_a-dtoa.o)
                                 0x14 (size before relaxing)
 .rodata.str1.4
                0x000170d8        0x2 /opt/altera/altera12.1/nios2eds/bin/gnu/H-i686-pc-linux-gnu/bin/../lib/gcc/nios2-elf/4.1.2/../../../../nios2-elf/lib/libc.a(lib_a-impure.o)
                                  0x4 (size before relaxing)
 *fill*         0x000170da        0x2 00
 .rodata.str1.4
                0x000170dc       0x10 /opt/altera/altera12.1/nios2eds/bin/gnu/H-i686-pc-linux-gnu/bin/../lib/gcc/nios2-elf/4.1.2/../../../../nios2-elf/lib/libc.a(lib_a-locale.o)
                                 0x18 (size before relaxing)
 .rodata        0x000170ec       0x30 /opt/altera/altera12.1/nios2eds/bin/gnu/H-i686-pc-linux-gnu/bin/../lib/gcc/nios2-elf/4.1.2/../../../../nios2-elf/lib/libc.a(lib_a-locale.o)
 .rodata        0x0001711c      0x124 /opt/altera/altera12.1/nios2eds/bin/gnu/H-i686-pc-linux-gnu/bin/../lib/gcc/nios2-elf/4.1.2/../../../../nios2-elf/lib/libc.a(lib_a-mprec.o)
                0x0001711c                __mprec_tens
                0x000171e4                __mprec_bigtens
                0x0001720c                __mprec_tinytens
 .rodata        0x00017240       0x14 /opt/altera/altera12.1/nios2eds/bin/gnu/H-i686-pc-linux-gnu/bin/../lib/gcc/nios2-elf/4.1.2/libgcc.a(_thenan_df.o)
                0x00017240                __thenan_df
 .rodata        0x00017254      0x100 /opt/altera/altera12.1/nios2eds/bin/gnu/H-i686-pc-linux-gnu/bin/../lib/gcc/nios2-elf/4.1.2/libgcc.a(_clz.o)
                0x00017254                __clz_tab
 .rodata        0x00017354        0xc ../lab2_bsp//libhal_bsp.a(alt_dev.o)
 .rodata        0x00017360       0x14 ../lab2_bsp//libhal_bsp.a(alt_main.o)
 .rodata        0x00017374       0x60 ../lab2_bsp//libhal_bsp.a(alt_sys_init.o)
 .rodata        0x000173d4      0x281 /opt/altera/altera12.1/nios2eds/bin/gnu/H-i686-pc-linux-gnu/bin/../lib/gcc/nios2-elf/4.1.2/../../../../nios2-elf/lib/libc.a(lib_a-ctype_.o)
                0x000173d4                _ctype_
 *(.rodata1)
                0x00017658                . = ALIGN (0x4)
 *fill*         0x00017655        0x3 00
                0x00017658                PROVIDE (__ram_rodata_end, ABSOLUTE (.))
                0x00016b14                PROVIDE (__flash_rodata_start, LOADADDR (.rodata))

.rwdata         0x00017658     0x29d4
                0x00017658                PROVIDE (__ram_rwdata_start, ABSOLUTE (.))
                0x00017658                . = ALIGN (0x4)
 *(.got.plt)
 *(.got)
 *(.data1)
 *(.data .data.* .gnu.linkonce.d.*)
 .data          0x00017658        0x0 ../lab2_bsp//obj/HAL/src/crt0.o
 .data          0x00017658        0x0 obj/default/DM9000A.o
 .data          0x00017658        0x0 obj/default/LCD.o
 .data          0x00017658        0x0 obj/default/VGA.o
 .data          0x00017658        0x0 obj/default/alt_up_ps2_port.o
 .data          0x00017658      0x800 obj/default/chargen.o
                0x00017658                font
 .data          0x00017e58       0xaa obj/default/main.o
                0x00017e58                transmit_buffer
 *fill*         0x00017f02        0x2 00
 .data          0x00017f04      0x330 obj/default/ps2_keyboard.o
                0x00017f04                key_table
                0x0001809c                ascii_codes
                0x00018102                single_byte_make_code
                0x00018168                shift_ascii_codes
                0x000181ce                multi_byte_make_code
 .data          0x00018234        0x0 /opt/altera/altera12.1/nios2eds/bin/gnu/H-i686-pc-linux-gnu/bin/../lib/gcc/nios2-elf/4.1.2/../../../../nios2-elf/lib/libc.a(lib_a-printf.o)
 .data          0x00018234        0x0 /opt/altera/altera12.1/nios2eds/bin/gnu/H-i686-pc-linux-gnu/bin/../lib/gcc/nios2-elf/4.1.2/../../../../nios2-elf/lib/libc.a(lib_a-putchar.o)
 .data          0x00018234        0x0 /opt/altera/altera12.1/nios2eds/bin/gnu/H-i686-pc-linux-gnu/bin/../lib/gcc/nios2-elf/4.1.2/../../../../nios2-elf/lib/libc.a(lib_a-puts.o)
 .data          0x00018234        0x0 /opt/altera/altera12.1/nios2eds/bin/gnu/H-i686-pc-linux-gnu/bin/../lib/gcc/nios2-elf/4.1.2/../../../../nios2-elf/lib/libc.a(lib_a-strlen.o)
 .data          0x00018234        0x0 /opt/altera/altera12.1/nios2eds/bin/gnu/H-i686-pc-linux-gnu/bin/../lib/gcc/nios2-elf/4.1.2/../../../../nios2-elf/lib/libc.a(lib_a-vfprintf.o)
 .data          0x00018234        0x0 /opt/altera/altera12.1/nios2eds/bin/gnu/H-i686-pc-linux-gnu/bin/../lib/gcc/nios2-elf/4.1.2/../../../../nios2-elf/lib/libc.a(lib_a-wsetup.o)
 .data          0x00018234        0x0 /opt/altera/altera12.1/nios2eds/bin/gnu/H-i686-pc-linux-gnu/bin/../lib/gcc/nios2-elf/4.1.2/../../../../nios2-elf/lib/libc.a(lib_a-dtoa.o)
 .data          0x00018234        0x0 /opt/altera/altera12.1/nios2eds/bin/gnu/H-i686-pc-linux-gnu/bin/../lib/gcc/nios2-elf/4.1.2/../../../../nios2-elf/lib/libc.a(lib_a-fflush.o)
 .data          0x00018234        0x0 /opt/altera/altera12.1/nios2eds/bin/gnu/H-i686-pc-linux-gnu/bin/../lib/gcc/nios2-elf/4.1.2/../../../../nios2-elf/lib/libc.a(lib_a-findfp.o)
 .data          0x00018234        0x0 /opt/altera/altera12.1/nios2eds/bin/gnu/H-i686-pc-linux-gnu/bin/../lib/gcc/nios2-elf/4.1.2/../../../../nios2-elf/lib/libc.a(lib_a-freer.o)
 .data          0x00018234        0x0 /opt/altera/altera12.1/nios2eds/bin/gnu/H-i686-pc-linux-gnu/bin/../lib/gcc/nios2-elf/4.1.2/../../../../nios2-elf/lib/libc.a(lib_a-fvwrite.o)
 .data          0x00018234        0x0 /opt/altera/altera12.1/nios2eds/bin/gnu/H-i686-pc-linux-gnu/bin/../lib/gcc/nios2-elf/4.1.2/../../../../nios2-elf/lib/libc.a(lib_a-fwalk.o)
 .data          0x00018234      0x400 /opt/altera/altera12.1/nios2eds/bin/gnu/H-i686-pc-linux-gnu/bin/../lib/gcc/nios2-elf/4.1.2/../../../../nios2-elf/lib/libc.a(lib_a-impure.o)
 .data          0x00018634        0xc /opt/altera/altera12.1/nios2eds/bin/gnu/H-i686-pc-linux-gnu/bin/../lib/gcc/nios2-elf/4.1.2/../../../../nios2-elf/lib/libc.a(lib_a-locale.o)
                0x00018634                __lc_ctype
 .data          0x00018640        0x0 /opt/altera/altera12.1/nios2eds/bin/gnu/H-i686-pc-linux-gnu/bin/../lib/gcc/nios2-elf/4.1.2/../../../../nios2-elf/lib/libc.a(lib_a-makebuf.o)
 .data          0x00018640      0x408 /opt/altera/altera12.1/nios2eds/bin/gnu/H-i686-pc-linux-gnu/bin/../lib/gcc/nios2-elf/4.1.2/../../../../nios2-elf/lib/libc.a(lib_a-mallocr.o)
                0x00018640                __malloc_av_
 .data          0x00018a48        0x0 /opt/altera/altera12.1/nios2eds/bin/gnu/H-i686-pc-linux-gnu/bin/../lib/gcc/nios2-elf/4.1.2/../../../../nios2-elf/lib/libc.a(lib_a-memchr.o)
 .data          0x00018a48        0x0 /opt/altera/altera12.1/nios2eds/bin/gnu/H-i686-pc-linux-gnu/bin/../lib/gcc/nios2-elf/4.1.2/../../../../nios2-elf/lib/libc.a(lib_a-memcpy.o)
 .data          0x00018a48        0x0 /opt/altera/altera12.1/nios2eds/bin/gnu/H-i686-pc-linux-gnu/bin/../lib/gcc/nios2-elf/4.1.2/../../../../nios2-elf/lib/libc.a(lib_a-memmove.o)
 .data          0x00018a48        0x0 /opt/altera/altera12.1/nios2eds/bin/gnu/H-i686-pc-linux-gnu/bin/../lib/gcc/nios2-elf/4.1.2/../../../../nios2-elf/lib/libc.a(lib_a-memset.o)
 .data          0x00018a48        0x0 /opt/altera/altera12.1/nios2eds/bin/gnu/H-i686-pc-linux-gnu/bin/../lib/gcc/nios2-elf/4.1.2/../../../../nios2-elf/lib/libc.a(lib_a-mprec.o)
 .data          0x00018a48        0x0 /opt/altera/altera12.1/nios2eds/bin/gnu/H-i686-pc-linux-gnu/bin/../lib/gcc/nios2-elf/4.1.2/../../../../nios2-elf/lib/libc.a(lib_a-putc.o)
 .data          0x00018a48        0x0 /opt/altera/altera12.1/nios2eds/bin/gnu/H-i686-pc-linux-gnu/bin/../lib/gcc/nios2-elf/4.1.2/../../../../nios2-elf/lib/libc.a(lib_a-reallocr.o)
 .data          0x00018a48        0x0 /opt/altera/altera12.1/nios2eds/bin/gnu/H-i686-pc-linux-gnu/bin/../lib/gcc/nios2-elf/4.1.2/../../../../nios2-elf/lib/libc.a(lib_a-s_isinfd.o)
 .data          0x00018a48        0x0 /opt/altera/altera12.1/nios2eds/bin/gnu/H-i686-pc-linux-gnu/bin/../lib/gcc/nios2-elf/4.1.2/../../../../nios2-elf/lib/libc.a(lib_a-s_isnand.o)
 .data          0x00018a48        0x0 /opt/altera/altera12.1/nios2eds/bin/gnu/H-i686-pc-linux-gnu/bin/../lib/gcc/nios2-elf/4.1.2/../../../../nios2-elf/lib/libc.a(lib_a-sbrkr.o)
 .data          0x00018a48        0x0 /opt/altera/altera12.1/nios2eds/bin/gnu/H-i686-pc-linux-gnu/bin/../lib/gcc/nios2-elf/4.1.2/../../../../nios2-elf/lib/libc.a(lib_a-stdio.o)
 .data          0x00018a48        0x0 /opt/altera/altera12.1/nios2eds/bin/gnu/H-i686-pc-linux-gnu/bin/../lib/gcc/nios2-elf/4.1.2/../../../../nios2-elf/lib/libc.a(lib_a-strcmp.o)
 .data          0x00018a48        0x0 /opt/altera/altera12.1/nios2eds/bin/gnu/H-i686-pc-linux-gnu/bin/../lib/gcc/nios2-elf/4.1.2/../../../../nios2-elf/lib/libc.a(lib_a-wbuf.o)
 .data          0x00018a48        0x0 /opt/altera/altera12.1/nios2eds/bin/gnu/H-i686-pc-linux-gnu/bin/../lib/gcc/nios2-elf/4.1.2/../../../../nios2-elf/lib/libc.a(lib_a-writer.o)
 .data          0x00018a48        0x0 /opt/altera/altera12.1/nios2eds/bin/gnu/H-i686-pc-linux-gnu/bin/../lib/gcc/nios2-elf/4.1.2/../../../../nios2-elf/lib/libc.a(lib_a-callocr.o)
 .data          0x00018a48        0x0 /opt/altera/altera12.1/nios2eds/bin/gnu/H-i686-pc-linux-gnu/bin/../lib/gcc/nios2-elf/4.1.2/../../../../nios2-elf/lib/libc.a(lib_a-closer.o)
 .data          0x00018a48        0x0 /opt/altera/altera12.1/nios2eds/bin/gnu/H-i686-pc-linux-gnu/bin/../lib/gcc/nios2-elf/4.1.2/../../../../nios2-elf/lib/libc.a(lib_a-fclose.o)
 .data          0x00018a48        0x0 /opt/altera/altera12.1/nios2eds/bin/gnu/H-i686-pc-linux-gnu/bin/../lib/gcc/nios2-elf/4.1.2/../../../../nios2-elf/lib/libc.a(lib_a-fstatr.o)
 .data          0x00018a48        0x0 /opt/altera/altera12.1/nios2eds/bin/gnu/H-i686-pc-linux-gnu/bin/../lib/gcc/nios2-elf/4.1.2/../../../../nios2-elf/lib/libc.a(lib_a-int_errno.o)
 .data          0x00018a48        0x0 /opt/altera/altera12.1/nios2eds/bin/gnu/H-i686-pc-linux-gnu/bin/../lib/gcc/nios2-elf/4.1.2/../../../../nios2-elf/lib/libc.a(lib_a-isattyr.o)
 .data          0x00018a48        0x0 /opt/altera/altera12.1/nios2eds/bin/gnu/H-i686-pc-linux-gnu/bin/../lib/gcc/nios2-elf/4.1.2/../../../../nios2-elf/lib/libc.a(lib_a-lseekr.o)
 .data          0x00018a48        0x0 /opt/altera/altera12.1/nios2eds/bin/gnu/H-i686-pc-linux-gnu/bin/../lib/gcc/nios2-elf/4.1.2/../../../../nios2-elf/lib/libc.a(lib_a-readr.o)
 .data          0x00018a48        0x0 /opt/altera/altera12.1/nios2eds/bin/gnu/H-i686-pc-linux-gnu/bin/../lib/gcc/nios2-elf/4.1.2/libgcc.a(_udivdi3.o)
 .data          0x00018a48        0x0 /opt/altera/altera12.1/nios2eds/bin/gnu/H-i686-pc-linux-gnu/bin/../lib/gcc/nios2-elf/4.1.2/libgcc.a(_umoddi3.o)
 .data          0x00018a48        0x0 /opt/altera/altera12.1/nios2eds/bin/gnu/H-i686-pc-linux-gnu/bin/../lib/gcc/nios2-elf/4.1.2/libgcc.a(_addsub_df.o)
 .data          0x00018a48        0x0 /opt/altera/altera12.1/nios2eds/bin/gnu/H-i686-pc-linux-gnu/bin/../lib/gcc/nios2-elf/4.1.2/libgcc.a(_mul_df.o)
 .data          0x00018a48        0x0 /opt/altera/altera12.1/nios2eds/bin/gnu/H-i686-pc-linux-gnu/bin/../lib/gcc/nios2-elf/4.1.2/libgcc.a(_div_df.o)
 .data          0x00018a48        0x0 /opt/altera/altera12.1/nios2eds/bin/gnu/H-i686-pc-linux-gnu/bin/../lib/gcc/nios2-elf/4.1.2/libgcc.a(_eq_df.o)
 .data          0x00018a48        0x0 /opt/altera/altera12.1/nios2eds/bin/gnu/H-i686-pc-linux-gnu/bin/../lib/gcc/nios2-elf/4.1.2/libgcc.a(_ne_df.o)
 .data          0x00018a48        0x0 /opt/altera/altera12.1/nios2eds/bin/gnu/H-i686-pc-linux-gnu/bin/../lib/gcc/nios2-elf/4.1.2/libgcc.a(_gt_df.o)
 .data          0x00018a48        0x0 /opt/altera/altera12.1/nios2eds/bin/gnu/H-i686-pc-linux-gnu/bin/../lib/gcc/nios2-elf/4.1.2/libgcc.a(_ge_df.o)
 .data          0x00018a48        0x0 /opt/altera/altera12.1/nios2eds/bin/gnu/H-i686-pc-linux-gnu/bin/../lib/gcc/nios2-elf/4.1.2/libgcc.a(_lt_df.o)
 .data          0x00018a48        0x0 /opt/altera/altera12.1/nios2eds/bin/gnu/H-i686-pc-linux-gnu/bin/../lib/gcc/nios2-elf/4.1.2/libgcc.a(_si_to_df.o)
 .data          0x00018a48        0x0 /opt/altera/altera12.1/nios2eds/bin/gnu/H-i686-pc-linux-gnu/bin/../lib/gcc/nios2-elf/4.1.2/libgcc.a(_df_to_si.o)
 .data          0x00018a48        0x0 /opt/altera/altera12.1/nios2eds/bin/gnu/H-i686-pc-linux-gnu/bin/../lib/gcc/nios2-elf/4.1.2/libgcc.a(_thenan_df.o)
 .data          0x00018a48        0x0 /opt/altera/altera12.1/nios2eds/bin/gnu/H-i686-pc-linux-gnu/bin/../lib/gcc/nios2-elf/4.1.2/libgcc.a(_usi_to_df.o)
 .data          0x00018a48        0x0 /opt/altera/altera12.1/nios2eds/bin/gnu/H-i686-pc-linux-gnu/bin/../lib/gcc/nios2-elf/4.1.2/libgcc.a(lib2-divmod.o)
 .data          0x00018a48        0x0 /opt/altera/altera12.1/nios2eds/bin/gnu/H-i686-pc-linux-gnu/bin/../lib/gcc/nios2-elf/4.1.2/libgcc.a(_muldi3.o)
 .data          0x00018a48        0x0 /opt/altera/altera12.1/nios2eds/bin/gnu/H-i686-pc-linux-gnu/bin/../lib/gcc/nios2-elf/4.1.2/libgcc.a(_clz.o)
 .data          0x00018a48        0x0 /opt/altera/altera12.1/nios2eds/bin/gnu/H-i686-pc-linux-gnu/bin/../lib/gcc/nios2-elf/4.1.2/libgcc.a(_clzsi2.o)
 .data          0x00018a48        0x0 /opt/altera/altera12.1/nios2eds/bin/gnu/H-i686-pc-linux-gnu/bin/../lib/gcc/nios2-elf/4.1.2/libgcc.a(_pack_df.o)
 .data          0x00018a48        0x0 /opt/altera/altera12.1/nios2eds/bin/gnu/H-i686-pc-linux-gnu/bin/../lib/gcc/nios2-elf/4.1.2/libgcc.a(_unpack_df.o)
 .data          0x00018a48        0x0 /opt/altera/altera12.1/nios2eds/bin/gnu/H-i686-pc-linux-gnu/bin/../lib/gcc/nios2-elf/4.1.2/libgcc.a(_fpcmp_parts_df.o)
 .data          0x00018a48        0x0 ../lab2_bsp//libhal_bsp.a(alt_close.o)
 .data          0x00018a48      0x1a8 ../lab2_bsp//libhal_bsp.a(alt_dev.o)
                0x00018a48                alt_dev_null
                0x00018a70                alt_fd_list
 .data          0x00018bf0        0x0 ../lab2_bsp//libhal_bsp.a(alt_errno.o)
 .data          0x00018bf0        0x0 ../lab2_bsp//libhal_bsp.a(alt_fstat.o)
 .data          0x00018bf0        0x0 ../lab2_bsp//libhal_bsp.a(alt_irq_register.o)
 .data          0x00018bf0        0x0 ../lab2_bsp//libhal_bsp.a(alt_irq_vars.o)
 .data          0x00018bf0        0x0 ../lab2_bsp//libhal_bsp.a(alt_isatty.o)
 .data          0x00018bf0        0x0 ../lab2_bsp//libhal_bsp.a(alt_lseek.o)
 .data          0x00018bf0        0x0 ../lab2_bsp//libhal_bsp.a(alt_main.o)
 .data          0x00018bf0        0x0 ../lab2_bsp//libhal_bsp.a(alt_malloc_lock.o)
 .data          0x00018bf0        0x0 ../lab2_bsp//libhal_bsp.a(alt_read.o)
 .data          0x00018bf0        0x0 ../lab2_bsp//libhal_bsp.a(alt_release_fd.o)
 .data          0x00018bf0        0x0 ../lab2_bsp//libhal_bsp.a(alt_sbrk.o)
 .data          0x00018bf0        0x0 ../lab2_bsp//libhal_bsp.a(alt_usleep.o)
 .data          0x00018bf0        0x0 ../lab2_bsp//libhal_bsp.a(alt_write.o)
 .data          0x00018bf0     0x13e4 ../lab2_bsp//libhal_bsp.a(alt_sys_init.o)
 .data          0x00019fd4        0x0 ../lab2_bsp//libhal_bsp.a(altera_avalon_cfi_flash.o)
 .data          0x00019fd4        0x0 ../lab2_bsp//libhal_bsp.a(altera_avalon_cfi_flash_table.o)
 .data          0x00019fd4        0x0 ../lab2_bsp//libhal_bsp.a(altera_avalon_epcs_flash_controller.o)
 .data          0x00019fd4        0x0 ../lab2_bsp//libhal_bsp.a(altera_avalon_jtag_uart_fd.o)
 .data          0x00019fd4        0x0 ../lab2_bsp//libhal_bsp.a(altera_avalon_jtag_uart_init.o)
 .data          0x00019fd4        0x0 ../lab2_bsp//libhal_bsp.a(altera_avalon_jtag_uart_ioctl.o)
 .data          0x00019fd4        0x0 ../lab2_bsp//libhal_bsp.a(altera_avalon_jtag_uart_read.o)
 .data          0x00019fd4        0x0 ../lab2_bsp//libhal_bsp.a(altera_avalon_jtag_uart_write.o)
 .data          0x00019fd4        0x0 ../lab2_bsp//libhal_bsp.a(altera_avalon_lcd_16207.o)
 .data          0x00019fd4        0x0 ../lab2_bsp//libhal_bsp.a(altera_avalon_lcd_16207_fd.o)
 .data          0x00019fd4        0x0 ../lab2_bsp//libhal_bsp.a(altera_avalon_timer_sc.o)
 .data          0x00019fd4        0x0 ../lab2_bsp//libhal_bsp.a(altera_avalon_uart_fd.o)
 .data          0x00019fd4        0x0 ../lab2_bsp//libhal_bsp.a(altera_avalon_uart_init.o)
 .data          0x00019fd4        0x0 ../lab2_bsp//libhal_bsp.a(altera_avalon_uart_read.o)
 .data          0x00019fd4        0x0 ../lab2_bsp//libhal_bsp.a(altera_avalon_uart_write.o)
 .data          0x00019fd4        0x0 ../lab2_bsp//libhal_bsp.a(epcs_commands.o)
 .data          0x00019fd4        0x0 ../lab2_bsp//libhal_bsp.a(alt_alarm_start.o)
 .data          0x00019fd4        0x0 ../lab2_bsp//libhal_bsp.a(alt_busy_sleep.o)
 .data          0x00019fd4        0x0 ../lab2_bsp//libhal_bsp.a(alt_dcache_flush.o)
 .data          0x00019fd4        0x0 ../lab2_bsp//libhal_bsp.a(alt_dev_llist_insert.o)
 .data          0x00019fd4        0x0 ../lab2_bsp//libhal_bsp.a(alt_do_ctors.o)
 .data          0x00019fd4        0x0 ../lab2_bsp//libhal_bsp.a(alt_do_dtors.o)
 .data          0x00019fd4        0x0 ../lab2_bsp//libhal_bsp.a(alt_flash_dev.o)
 .data          0x00019fd4        0x0 ../lab2_bsp//libhal_bsp.a(alt_iic.o)
 .data          0x00019fd4        0x0 ../lab2_bsp//libhal_bsp.a(alt_iic_isr_register.o)
 .data          0x00019fd4        0x0 ../lab2_bsp//libhal_bsp.a(alt_io_redirect.o)
 .data          0x00019fd4        0x0 ../lab2_bsp//libhal_bsp.a(alt_irq_entry.o)
 .data          0x00019fd4        0x0 ../lab2_bsp//libhal_bsp.a(alt_irq_handler.o)
 .data          0x00019fd4        0x0 ../lab2_bsp//libhal_bsp.a(alt_open.o)
 .data          0x00019fd4        0x0 ../lab2_bsp//libhal_bsp.a(alt_tick.o)
 .data          0x00019fd4        0x0 ../lab2_bsp//libhal_bsp.a(altera_nios2_irq.o)
 .data          0x00019fd4        0x0 ../lab2_bsp//libhal_bsp.a(altera_avalon_cfi_flash_amd.o)
 .data          0x00019fd4        0x0 ../lab2_bsp//libhal_bsp.a(altera_avalon_cfi_flash_intel.o)
 .data          0x00019fd4        0x0 ../lab2_bsp//libhal_bsp.a(altera_avalon_spi.o)
 .data          0x00019fd4        0x0 ../lab2_bsp//libhal_bsp.a(alt_exception_entry.o)
 .data          0x00019fd4        0x0 ../lab2_bsp//libhal_bsp.a(alt_find_dev.o)
 .data          0x00019fd4        0x0 ../lab2_bsp//libhal_bsp.a(alt_find_file.o)
 .data          0x00019fd4        0x0 ../lab2_bsp//libhal_bsp.a(alt_get_fd.o)
 .data          0x00019fd4        0x0 /opt/altera/altera12.1/nios2eds/bin/gnu/H-i686-pc-linux-gnu/bin/../lib/gcc/nios2-elf/4.1.2/../../../../nios2-elf/lib/libc.a(lib_a-atexit.o)
 .data          0x00019fd4        0x0 /opt/altera/altera12.1/nios2eds/bin/gnu/H-i686-pc-linux-gnu/bin/../lib/gcc/nios2-elf/4.1.2/../../../../nios2-elf/lib/libc.a(lib_a-ctype_.o)
 .data          0x00019fd4        0x0 /opt/altera/altera12.1/nios2eds/bin/gnu/H-i686-pc-linux-gnu/bin/../lib/gcc/nios2-elf/4.1.2/../../../../nios2-elf/lib/libc.a(lib_a-exit.o)
 .data          0x00019fd4        0x0 /opt/altera/altera12.1/nios2eds/bin/gnu/H-i686-pc-linux-gnu/bin/../lib/gcc/nios2-elf/4.1.2/../../../../nios2-elf/lib/libc.a(lib_a-memcmp.o)
 .data          0x00019fd4        0x0 /opt/altera/altera12.1/nios2eds/bin/gnu/H-i686-pc-linux-gnu/bin/../lib/gcc/nios2-elf/4.1.2/../../../../nios2-elf/lib/libc.a(lib_a-__atexit.o)
 .data          0x00019fd4        0x0 /opt/altera/altera12.1/nios2eds/bin/gnu/H-i686-pc-linux-gnu/bin/../lib/gcc/nios2-elf/4.1.2/../../../../nios2-elf/lib/libc.a(lib_a-__call_atexit.o)
 .data          0x00019fd4        0x0 ../lab2_bsp//libhal_bsp.a(alt_exit.o)
                0x00021fd4                _gp = ABSOLUTE ((. + 0x8000))
                0x00021fd4                PROVIDE (gp, _gp)
 *(.rwdata .rwdata.*)
 *(.sdata .sdata.* .gnu.linkonce.s.*)
 .sdata         0x00019fd4        0x6 obj/default/main.o
                0x00019fd4                mac_address
 *fill*         0x00019fda        0x2 00
 .sdata         0x00019fdc        0x8 /opt/altera/altera12.1/nios2eds/bin/gnu/H-i686-pc-linux-gnu/bin/../lib/gcc/nios2-elf/4.1.2/../../../../nios2-elf/lib/libc.a(lib_a-impure.o)
                0x00019fdc                _impure_ptr
                0x00019fe0                _global_impure_ptr
 .sdata         0x00019fe4        0x8 /opt/altera/altera12.1/nios2eds/bin/gnu/H-i686-pc-linux-gnu/bin/../lib/gcc/nios2-elf/4.1.2/../../../../nios2-elf/lib/libc.a(lib_a-locale.o)
                0x00019fe4                __mb_cur_max
 .sdata         0x00019fec        0x8 /opt/altera/altera12.1/nios2eds/bin/gnu/H-i686-pc-linux-gnu/bin/../lib/gcc/nios2-elf/4.1.2/../../../../nios2-elf/lib/libc.a(lib_a-mallocr.o)
                0x00019fec                __malloc_trim_threshold
                0x00019ff0                __malloc_sbrk_base
 .sdata         0x00019ff4       0x14 ../lab2_bsp//libhal_bsp.a(alt_dev.o)
                0x00019ff4                alt_fs_list
                0x00019ffc                alt_dev_list
                0x0001a004                alt_max_fd
 .sdata         0x0001a008        0x4 ../lab2_bsp//libhal_bsp.a(alt_errno.o)
                0x0001a008                alt_errno
 .sdata         0x0001a00c        0x4 ../lab2_bsp//libhal_bsp.a(alt_irq_vars.o)
                0x0001a00c                alt_priority_mask
 .sdata         0x0001a010        0x4 ../lab2_bsp//libhal_bsp.a(alt_sbrk.o)
 .sdata         0x0001a014        0x4 ../lab2_bsp//libhal_bsp.a(altera_avalon_lcd_16207.o)
 .sdata         0x0001a018        0x8 ../lab2_bsp//libhal_bsp.a(alt_flash_dev.o)
                0x0001a018                alt_flash_dev_list
 .sdata         0x0001a020        0x8 ../lab2_bsp//libhal_bsp.a(alt_tick.o)
                0x0001a020                alt_alarm_list
 .sdata         0x0001a028        0x4 /opt/altera/altera12.1/nios2eds/bin/gnu/H-i686-pc-linux-gnu/bin/../lib/gcc/nios2-elf/4.1.2/../../../../nios2-elf/lib/libc.a(lib_a-ctype_.o)
                0x0001a028                __ctype_ptr
 *(.sdata2 .sdata2.* .gnu.linkonce.s2.*)
                0x0001a02c                . = ALIGN (0x4)
                0x0001a02c                _edata = ABSOLUTE (.)
                0x0001a02c                PROVIDE (edata, ABSOLUTE (.))
                0x0001a02c                PROVIDE (__ram_rwdata_end, ABSOLUTE (.))
                0x00017658                PROVIDE (__flash_rwdata_start, LOADADDR (.rwdata))

.bss            0x0001a02c      0x938
                0x0001a02c                __bss_start = ABSOLUTE (.)
                0x0001a02c                PROVIDE (__sbss_start, ABSOLUTE (.))
                0x0001a02c                PROVIDE (___sbss_start, ABSOLUTE (.))
 *(.dynsbss)
 *(.sbss .sbss.* .gnu.linkonce.sb.*)
 .sbss          0x0001a02c        0xc obj/default/main.o
                0x0001a02c                receive_buffer_length
                0x0001a030                decode_mode
                0x0001a034                interrupt_number
 .sbss          0x0001a038        0xc /opt/altera/altera12.1/nios2eds/bin/gnu/H-i686-pc-linux-gnu/bin/../lib/gcc/nios2-elf/4.1.2/../../../../nios2-elf/lib/libc.a(lib_a-locale.o)
                0x0001a038                __nlocale_changed
                0x0001a03c                __mlocale_changed
                0x0001a040                _PathLocale
 .sbss          0x0001a044        0xc /opt/altera/altera12.1/nios2eds/bin/gnu/H-i686-pc-linux-gnu/bin/../lib/gcc/nios2-elf/4.1.2/../../../../nios2-elf/lib/libc.a(lib_a-mallocr.o)
                0x0001a044                __malloc_top_pad
                0x0001a048                __malloc_max_sbrked_mem
                0x0001a04c                __malloc_max_total_mem
 .sbss          0x0001a050        0x4 /opt/altera/altera12.1/nios2eds/bin/gnu/H-i686-pc-linux-gnu/bin/../lib/gcc/nios2-elf/4.1.2/../../../../nios2-elf/lib/libc.a(lib_a-int_errno.o)
                0x0001a050                errno
 .sbss          0x0001a054        0x4 ../lab2_bsp//libhal_bsp.a(alt_irq_vars.o)
                0x0001a054                alt_irq_active
 .sbss          0x0001a058        0xc ../lab2_bsp//libhal_bsp.a(alt_main.o)
                0x0001a058                alt_argc
                0x0001a05c                alt_argv
                0x0001a060                alt_envp
 .sbss          0x0001a064        0x8 ../lab2_bsp//libhal_bsp.a(alt_tick.o)
                0x0001a064                _alt_tick_rate
                0x0001a068                _alt_nticks
 *(.sbss2 .sbss2.* .gnu.linkonce.sb2.*)
 *(.scommon)
                0x0001a06c                PROVIDE (__sbss_end, ABSOLUTE (.))
                0x0001a06c                PROVIDE (___sbss_end, ABSOLUTE (.))
 *(.dynbss)
 *(.bss .bss.* .gnu.linkonce.b.*)
 .bss           0x0001a06c        0x0 ../lab2_bsp//obj/HAL/src/crt0.o
 .bss           0x0001a06c        0x0 obj/default/DM9000A.o
 .bss           0x0001a06c        0x0 obj/default/LCD.o
 .bss           0x0001a06c        0x0 obj/default/VGA.o
 .bss           0x0001a06c        0x0 obj/default/alt_up_ps2_port.o
 .bss           0x0001a06c        0x0 obj/default/chargen.o
 .bss           0x0001a06c        0x0 obj/default/main.o
 .bss           0x0001a06c        0x0 obj/default/ps2_keyboard.o
 .bss           0x0001a06c        0x0 /opt/altera/altera12.1/nios2eds/bin/gnu/H-i686-pc-linux-gnu/bin/../lib/gcc/nios2-elf/4.1.2/../../../../nios2-elf/lib/libc.a(lib_a-printf.o)
 .bss           0x0001a06c        0x0 /opt/altera/altera12.1/nios2eds/bin/gnu/H-i686-pc-linux-gnu/bin/../lib/gcc/nios2-elf/4.1.2/../../../../nios2-elf/lib/libc.a(lib_a-putchar.o)
 .bss           0x0001a06c        0x0 /opt/altera/altera12.1/nios2eds/bin/gnu/H-i686-pc-linux-gnu/bin/../lib/gcc/nios2-elf/4.1.2/../../../../nios2-elf/lib/libc.a(lib_a-puts.o)
 .bss           0x0001a06c        0x0 /opt/altera/altera12.1/nios2eds/bin/gnu/H-i686-pc-linux-gnu/bin/../lib/gcc/nios2-elf/4.1.2/../../../../nios2-elf/lib/libc.a(lib_a-strlen.o)
 .bss           0x0001a06c        0x0 /opt/altera/altera12.1/nios2eds/bin/gnu/H-i686-pc-linux-gnu/bin/../lib/gcc/nios2-elf/4.1.2/../../../../nios2-elf/lib/libc.a(lib_a-vfprintf.o)
 .bss           0x0001a06c        0x0 /opt/altera/altera12.1/nios2eds/bin/gnu/H-i686-pc-linux-gnu/bin/../lib/gcc/nios2-elf/4.1.2/../../../../nios2-elf/lib/libc.a(lib_a-wsetup.o)
 .bss           0x0001a06c        0x0 /opt/altera/altera12.1/nios2eds/bin/gnu/H-i686-pc-linux-gnu/bin/../lib/gcc/nios2-elf/4.1.2/../../../../nios2-elf/lib/libc.a(lib_a-dtoa.o)
 .bss           0x0001a06c        0x0 /opt/altera/altera12.1/nios2eds/bin/gnu/H-i686-pc-linux-gnu/bin/../lib/gcc/nios2-elf/4.1.2/../../../../nios2-elf/lib/libc.a(lib_a-fflush.o)
 .bss           0x0001a06c        0x0 /opt/altera/altera12.1/nios2eds/bin/gnu/H-i686-pc-linux-gnu/bin/../lib/gcc/nios2-elf/4.1.2/../../../../nios2-elf/lib/libc.a(lib_a-findfp.o)
 .bss           0x0001a06c        0x0 /opt/altera/altera12.1/nios2eds/bin/gnu/H-i686-pc-linux-gnu/bin/../lib/gcc/nios2-elf/4.1.2/../../../../nios2-elf/lib/libc.a(lib_a-freer.o)
 .bss           0x0001a06c        0x0 /opt/altera/altera12.1/nios2eds/bin/gnu/H-i686-pc-linux-gnu/bin/../lib/gcc/nios2-elf/4.1.2/../../../../nios2-elf/lib/libc.a(lib_a-fvwrite.o)
 .bss           0x0001a06c        0x0 /opt/altera/altera12.1/nios2eds/bin/gnu/H-i686-pc-linux-gnu/bin/../lib/gcc/nios2-elf/4.1.2/../../../../nios2-elf/lib/libc.a(lib_a-fwalk.o)
 .bss           0x0001a06c        0x0 /opt/altera/altera12.1/nios2eds/bin/gnu/H-i686-pc-linux-gnu/bin/../lib/gcc/nios2-elf/4.1.2/../../../../nios2-elf/lib/libc.a(lib_a-impure.o)
 .bss           0x0001a06c        0x0 /opt/altera/altera12.1/nios2eds/bin/gnu/H-i686-pc-linux-gnu/bin/../lib/gcc/nios2-elf/4.1.2/../../../../nios2-elf/lib/libc.a(lib_a-locale.o)
 .bss           0x0001a06c        0x0 /opt/altera/altera12.1/nios2eds/bin/gnu/H-i686-pc-linux-gnu/bin/../lib/gcc/nios2-elf/4.1.2/../../../../nios2-elf/lib/libc.a(lib_a-makebuf.o)
 .bss           0x0001a06c       0x28 /opt/altera/altera12.1/nios2eds/bin/gnu/H-i686-pc-linux-gnu/bin/../lib/gcc/nios2-elf/4.1.2/../../../../nios2-elf/lib/libc.a(lib_a-mallocr.o)
                0x0001a06c                __malloc_current_mallinfo
 .bss           0x0001a094        0x0 /opt/altera/altera12.1/nios2eds/bin/gnu/H-i686-pc-linux-gnu/bin/../lib/gcc/nios2-elf/4.1.2/../../../../nios2-elf/lib/libc.a(lib_a-memchr.o)
 .bss           0x0001a094        0x0 /opt/altera/altera12.1/nios2eds/bin/gnu/H-i686-pc-linux-gnu/bin/../lib/gcc/nios2-elf/4.1.2/../../../../nios2-elf/lib/libc.a(lib_a-memcpy.o)
 .bss           0x0001a094        0x0 /opt/altera/altera12.1/nios2eds/bin/gnu/H-i686-pc-linux-gnu/bin/../lib/gcc/nios2-elf/4.1.2/../../../../nios2-elf/lib/libc.a(lib_a-memmove.o)
 .bss           0x0001a094        0x0 /opt/altera/altera12.1/nios2eds/bin/gnu/H-i686-pc-linux-gnu/bin/../lib/gcc/nios2-elf/4.1.2/../../../../nios2-elf/lib/libc.a(lib_a-memset.o)
 .bss           0x0001a094        0x0 /opt/altera/altera12.1/nios2eds/bin/gnu/H-i686-pc-linux-gnu/bin/../lib/gcc/nios2-elf/4.1.2/../../../../nios2-elf/lib/libc.a(lib_a-mprec.o)
 .bss           0x0001a094        0x0 /opt/altera/altera12.1/nios2eds/bin/gnu/H-i686-pc-linux-gnu/bin/../lib/gcc/nios2-elf/4.1.2/../../../../nios2-elf/lib/libc.a(lib_a-putc.o)
 .bss           0x0001a094        0x0 /opt/altera/altera12.1/nios2eds/bin/gnu/H-i686-pc-linux-gnu/bin/../lib/gcc/nios2-elf/4.1.2/../../../../nios2-elf/lib/libc.a(lib_a-reallocr.o)
 .bss           0x0001a094        0x0 /opt/altera/altera12.1/nios2eds/bin/gnu/H-i686-pc-linux-gnu/bin/../lib/gcc/nios2-elf/4.1.2/../../../../nios2-elf/lib/libc.a(lib_a-s_isinfd.o)
 .bss           0x0001a094        0x0 /opt/altera/altera12.1/nios2eds/bin/gnu/H-i686-pc-linux-gnu/bin/../lib/gcc/nios2-elf/4.1.2/../../../../nios2-elf/lib/libc.a(lib_a-s_isnand.o)
 .bss           0x0001a094        0x0 /opt/altera/altera12.1/nios2eds/bin/gnu/H-i686-pc-linux-gnu/bin/../lib/gcc/nios2-elf/4.1.2/../../../../nios2-elf/lib/libc.a(lib_a-sbrkr.o)
 .bss           0x0001a094        0x0 /opt/altera/altera12.1/nios2eds/bin/gnu/H-i686-pc-linux-gnu/bin/../lib/gcc/nios2-elf/4.1.2/../../../../nios2-elf/lib/libc.a(lib_a-stdio.o)
 .bss           0x0001a094        0x0 /opt/altera/altera12.1/nios2eds/bin/gnu/H-i686-pc-linux-gnu/bin/../lib/gcc/nios2-elf/4.1.2/../../../../nios2-elf/lib/libc.a(lib_a-strcmp.o)
 .bss           0x0001a094        0x0 /opt/altera/altera12.1/nios2eds/bin/gnu/H-i686-pc-linux-gnu/bin/../lib/gcc/nios2-elf/4.1.2/../../../../nios2-elf/lib/libc.a(lib_a-wbuf.o)
 .bss           0x0001a094        0x0 /opt/altera/altera12.1/nios2eds/bin/gnu/H-i686-pc-linux-gnu/bin/../lib/gcc/nios2-elf/4.1.2/../../../../nios2-elf/lib/libc.a(lib_a-writer.o)
 .bss           0x0001a094        0x0 /opt/altera/altera12.1/nios2eds/bin/gnu/H-i686-pc-linux-gnu/bin/../lib/gcc/nios2-elf/4.1.2/../../../../nios2-elf/lib/libc.a(lib_a-callocr.o)
 .bss           0x0001a094        0x0 /opt/altera/altera12.1/nios2eds/bin/gnu/H-i686-pc-linux-gnu/bin/../lib/gcc/nios2-elf/4.1.2/../../../../nios2-elf/lib/libc.a(lib_a-closer.o)
 .bss           0x0001a094        0x0 /opt/altera/altera12.1/nios2eds/bin/gnu/H-i686-pc-linux-gnu/bin/../lib/gcc/nios2-elf/4.1.2/../../../../nios2-elf/lib/libc.a(lib_a-fclose.o)
 .bss           0x0001a094        0x0 /opt/altera/altera12.1/nios2eds/bin/gnu/H-i686-pc-linux-gnu/bin/../lib/gcc/nios2-elf/4.1.2/../../../../nios2-elf/lib/libc.a(lib_a-fstatr.o)
 .bss           0x0001a094        0x0 /opt/altera/altera12.1/nios2eds/bin/gnu/H-i686-pc-linux-gnu/bin/../lib/gcc/nios2-elf/4.1.2/../../../../nios2-elf/lib/libc.a(lib_a-int_errno.o)
 .bss           0x0001a094        0x0 /opt/altera/altera12.1/nios2eds/bin/gnu/H-i686-pc-linux-gnu/bin/../lib/gcc/nios2-elf/4.1.2/../../../../nios2-elf/lib/libc.a(lib_a-isattyr.o)
 .bss           0x0001a094        0x0 /opt/altera/altera12.1/nios2eds/bin/gnu/H-i686-pc-linux-gnu/bin/../lib/gcc/nios2-elf/4.1.2/../../../../nios2-elf/lib/libc.a(lib_a-lseekr.o)
 .bss           0x0001a094        0x0 /opt/altera/altera12.1/nios2eds/bin/gnu/H-i686-pc-linux-gnu/bin/../lib/gcc/nios2-elf/4.1.2/../../../../nios2-elf/lib/libc.a(lib_a-readr.o)
 .bss           0x0001a094        0x0 /opt/altera/altera12.1/nios2eds/bin/gnu/H-i686-pc-linux-gnu/bin/../lib/gcc/nios2-elf/4.1.2/libgcc.a(_udivdi3.o)
 .bss           0x0001a094        0x0 /opt/altera/altera12.1/nios2eds/bin/gnu/H-i686-pc-linux-gnu/bin/../lib/gcc/nios2-elf/4.1.2/libgcc.a(_umoddi3.o)
 .bss           0x0001a094        0x0 /opt/altera/altera12.1/nios2eds/bin/gnu/H-i686-pc-linux-gnu/bin/../lib/gcc/nios2-elf/4.1.2/libgcc.a(_addsub_df.o)
 .bss           0x0001a094        0x0 /opt/altera/altera12.1/nios2eds/bin/gnu/H-i686-pc-linux-gnu/bin/../lib/gcc/nios2-elf/4.1.2/libgcc.a(_mul_df.o)
 .bss           0x0001a094        0x0 /opt/altera/altera12.1/nios2eds/bin/gnu/H-i686-pc-linux-gnu/bin/../lib/gcc/nios2-elf/4.1.2/libgcc.a(_div_df.o)
 .bss           0x0001a094        0x0 /opt/altera/altera12.1/nios2eds/bin/gnu/H-i686-pc-linux-gnu/bin/../lib/gcc/nios2-elf/4.1.2/libgcc.a(_eq_df.o)
 .bss           0x0001a094        0x0 /opt/altera/altera12.1/nios2eds/bin/gnu/H-i686-pc-linux-gnu/bin/../lib/gcc/nios2-elf/4.1.2/libgcc.a(_ne_df.o)
 .bss           0x0001a094        0x0 /opt/altera/altera12.1/nios2eds/bin/gnu/H-i686-pc-linux-gnu/bin/../lib/gcc/nios2-elf/4.1.2/libgcc.a(_gt_df.o)
 .bss           0x0001a094        0x0 /opt/altera/altera12.1/nios2eds/bin/gnu/H-i686-pc-linux-gnu/bin/../lib/gcc/nios2-elf/4.1.2/libgcc.a(_ge_df.o)
 .bss           0x0001a094        0x0 /opt/altera/altera12.1/nios2eds/bin/gnu/H-i686-pc-linux-gnu/bin/../lib/gcc/nios2-elf/4.1.2/libgcc.a(_lt_df.o)
 .bss           0x0001a094        0x0 /opt/altera/altera12.1/nios2eds/bin/gnu/H-i686-pc-linux-gnu/bin/../lib/gcc/nios2-elf/4.1.2/libgcc.a(_si_to_df.o)
 .bss           0x0001a094        0x0 /opt/altera/altera12.1/nios2eds/bin/gnu/H-i686-pc-linux-gnu/bin/../lib/gcc/nios2-elf/4.1.2/libgcc.a(_df_to_si.o)
 .bss           0x0001a094        0x0 /opt/altera/altera12.1/nios2eds/bin/gnu/H-i686-pc-linux-gnu/bin/../lib/gcc/nios2-elf/4.1.2/libgcc.a(_thenan_df.o)
 .bss           0x0001a094        0x0 /opt/altera/altera12.1/nios2eds/bin/gnu/H-i686-pc-linux-gnu/bin/../lib/gcc/nios2-elf/4.1.2/libgcc.a(_usi_to_df.o)
 .bss           0x0001a094        0x0 /opt/altera/altera12.1/nios2eds/bin/gnu/H-i686-pc-linux-gnu/bin/../lib/gcc/nios2-elf/4.1.2/libgcc.a(lib2-divmod.o)
 .bss           0x0001a094        0x0 /opt/altera/altera12.1/nios2eds/bin/gnu/H-i686-pc-linux-gnu/bin/../lib/gcc/nios2-elf/4.1.2/libgcc.a(_muldi3.o)
 .bss           0x0001a094        0x0 /opt/altera/altera12.1/nios2eds/bin/gnu/H-i686-pc-linux-gnu/bin/../lib/gcc/nios2-elf/4.1.2/libgcc.a(_clz.o)
 .bss           0x0001a094        0x0 /opt/altera/altera12.1/nios2eds/bin/gnu/H-i686-pc-linux-gnu/bin/../lib/gcc/nios2-elf/4.1.2/libgcc.a(_clzsi2.o)
 .bss           0x0001a094        0x0 /opt/altera/altera12.1/nios2eds/bin/gnu/H-i686-pc-linux-gnu/bin/../lib/gcc/nios2-elf/4.1.2/libgcc.a(_pack_df.o)
 .bss           0x0001a094        0x0 /opt/altera/altera12.1/nios2eds/bin/gnu/H-i686-pc-linux-gnu/bin/../lib/gcc/nios2-elf/4.1.2/libgcc.a(_unpack_df.o)
 .bss           0x0001a094        0x0 /opt/altera/altera12.1/nios2eds/bin/gnu/H-i686-pc-linux-gnu/bin/../lib/gcc/nios2-elf/4.1.2/libgcc.a(_fpcmp_parts_df.o)
 .bss           0x0001a094        0x0 ../lab2_bsp//libhal_bsp.a(alt_close.o)
 .bss           0x0001a094        0x0 ../lab2_bsp//libhal_bsp.a(alt_dev.o)
 .bss           0x0001a094        0x0 ../lab2_bsp//libhal_bsp.a(alt_errno.o)
 .bss           0x0001a094        0x0 ../lab2_bsp//libhal_bsp.a(alt_fstat.o)
 .bss           0x0001a094        0x0 ../lab2_bsp//libhal_bsp.a(alt_irq_register.o)
 .bss           0x0001a094        0x0 ../lab2_bsp//libhal_bsp.a(alt_irq_vars.o)
 .bss           0x0001a094        0x0 ../lab2_bsp//libhal_bsp.a(alt_isatty.o)
 .bss           0x0001a094        0x0 ../lab2_bsp//libhal_bsp.a(alt_lseek.o)
 .bss           0x0001a094        0x0 ../lab2_bsp//libhal_bsp.a(alt_main.o)
 .bss           0x0001a094        0x0 ../lab2_bsp//libhal_bsp.a(alt_malloc_lock.o)
 .bss           0x0001a094        0x0 ../lab2_bsp//libhal_bsp.a(alt_read.o)
 .bss           0x0001a094        0x0 ../lab2_bsp//libhal_bsp.a(alt_release_fd.o)
 .bss           0x0001a094        0x0 ../lab2_bsp//libhal_bsp.a(alt_sbrk.o)
 .bss           0x0001a094        0x0 ../lab2_bsp//libhal_bsp.a(alt_usleep.o)
 .bss           0x0001a094        0x0 ../lab2_bsp//libhal_bsp.a(alt_write.o)
 .bss           0x0001a094        0x0 ../lab2_bsp//libhal_bsp.a(alt_sys_init.o)
 .bss           0x0001a094        0x0 ../lab2_bsp//libhal_bsp.a(altera_avalon_cfi_flash.o)
 .bss           0x0001a094        0x0 ../lab2_bsp//libhal_bsp.a(altera_avalon_cfi_flash_table.o)
 .bss           0x0001a094        0x0 ../lab2_bsp//libhal_bsp.a(altera_avalon_epcs_flash_controller.o)
 .bss           0x0001a094        0x0 ../lab2_bsp//libhal_bsp.a(altera_avalon_jtag_uart_fd.o)
 .bss           0x0001a094        0x0 ../lab2_bsp//libhal_bsp.a(altera_avalon_jtag_uart_init.o)
 .bss           0x0001a094        0x0 ../lab2_bsp//libhal_bsp.a(altera_avalon_jtag_uart_ioctl.o)
 .bss           0x0001a094        0x0 ../lab2_bsp//libhal_bsp.a(altera_avalon_jtag_uart_read.o)
 .bss           0x0001a094        0x0 ../lab2_bsp//libhal_bsp.a(altera_avalon_jtag_uart_write.o)
 .bss           0x0001a094        0x0 ../lab2_bsp//libhal_bsp.a(altera_avalon_lcd_16207.o)
 .bss           0x0001a094        0x0 ../lab2_bsp//libhal_bsp.a(altera_avalon_lcd_16207_fd.o)
 .bss           0x0001a094        0x0 ../lab2_bsp//libhal_bsp.a(altera_avalon_timer_sc.o)
 .bss           0x0001a094        0x0 ../lab2_bsp//libhal_bsp.a(altera_avalon_uart_fd.o)
 .bss           0x0001a094        0x0 ../lab2_bsp//libhal_bsp.a(altera_avalon_uart_init.o)
 .bss           0x0001a094        0x0 ../lab2_bsp//libhal_bsp.a(altera_avalon_uart_read.o)
 .bss           0x0001a094        0x0 ../lab2_bsp//libhal_bsp.a(altera_avalon_uart_write.o)
 .bss           0x0001a094        0x0 ../lab2_bsp//libhal_bsp.a(epcs_commands.o)
 .bss           0x0001a094        0x0 ../lab2_bsp//libhal_bsp.a(alt_alarm_start.o)
 .bss           0x0001a094        0x0 ../lab2_bsp//libhal_bsp.a(alt_busy_sleep.o)
 .bss           0x0001a094        0x0 ../lab2_bsp//libhal_bsp.a(alt_dcache_flush.o)
 .bss           0x0001a094        0x0 ../lab2_bsp//libhal_bsp.a(alt_dev_llist_insert.o)
 .bss           0x0001a094        0x0 ../lab2_bsp//libhal_bsp.a(alt_do_ctors.o)
 .bss           0x0001a094        0x0 ../lab2_bsp//libhal_bsp.a(alt_do_dtors.o)
 .bss           0x0001a094        0x0 ../lab2_bsp//libhal_bsp.a(alt_flash_dev.o)
 .bss           0x0001a094        0x0 ../lab2_bsp//libhal_bsp.a(alt_iic.o)
 .bss           0x0001a094        0x0 ../lab2_bsp//libhal_bsp.a(alt_iic_isr_register.o)
 .bss           0x0001a094        0x0 ../lab2_bsp//libhal_bsp.a(alt_io_redirect.o)
 .bss           0x0001a094        0x0 ../lab2_bsp//libhal_bsp.a(alt_irq_entry.o)
 .bss           0x0001a094        0x0 ../lab2_bsp//libhal_bsp.a(alt_irq_handler.o)
 .bss           0x0001a094        0x0 ../lab2_bsp//libhal_bsp.a(alt_open.o)
 .bss           0x0001a094        0x0 ../lab2_bsp//libhal_bsp.a(alt_tick.o)
 .bss           0x0001a094        0x0 ../lab2_bsp//libhal_bsp.a(altera_nios2_irq.o)
 .bss           0x0001a094        0x0 ../lab2_bsp//libhal_bsp.a(altera_avalon_cfi_flash_amd.o)
 .bss           0x0001a094        0x0 ../lab2_bsp//libhal_bsp.a(altera_avalon_cfi_flash_intel.o)
 .bss           0x0001a094        0x0 ../lab2_bsp//libhal_bsp.a(altera_avalon_spi.o)
 .bss           0x0001a094        0x0 ../lab2_bsp//libhal_bsp.a(alt_exception_entry.o)
 .bss           0x0001a094        0x0 ../lab2_bsp//libhal_bsp.a(alt_find_dev.o)
 .bss           0x0001a094        0x0 ../lab2_bsp//libhal_bsp.a(alt_find_file.o)
 .bss           0x0001a094        0x0 ../lab2_bsp//libhal_bsp.a(alt_get_fd.o)
 .bss           0x0001a094        0x0 /opt/altera/altera12.1/nios2eds/bin/gnu/H-i686-pc-linux-gnu/bin/../lib/gcc/nios2-elf/4.1.2/../../../../nios2-elf/lib/libc.a(lib_a-atexit.o)
 .bss           0x0001a094        0x0 /opt/altera/altera12.1/nios2eds/bin/gnu/H-i686-pc-linux-gnu/bin/../lib/gcc/nios2-elf/4.1.2/../../../../nios2-elf/lib/libc.a(lib_a-ctype_.o)
 .bss           0x0001a094        0x0 /opt/altera/altera12.1/nios2eds/bin/gnu/H-i686-pc-linux-gnu/bin/../lib/gcc/nios2-elf/4.1.2/../../../../nios2-elf/lib/libc.a(lib_a-exit.o)
 .bss           0x0001a094        0x0 /opt/altera/altera12.1/nios2eds/bin/gnu/H-i686-pc-linux-gnu/bin/../lib/gcc/nios2-elf/4.1.2/../../../../nios2-elf/lib/libc.a(lib_a-memcmp.o)
 .bss           0x0001a094        0x0 /opt/altera/altera12.1/nios2eds/bin/gnu/H-i686-pc-linux-gnu/bin/../lib/gcc/nios2-elf/4.1.2/../../../../nios2-elf/lib/libc.a(lib_a-__atexit.o)
 .bss           0x0001a094        0x0 /opt/altera/altera12.1/nios2eds/bin/gnu/H-i686-pc-linux-gnu/bin/../lib/gcc/nios2-elf/4.1.2/../../../../nios2-elf/lib/libc.a(lib_a-__call_atexit.o)
 .bss           0x0001a094        0x0 ../lab2_bsp//libhal_bsp.a(alt_exit.o)
 *(COMMON)
 COMMON         0x0001a094      0x640 obj/default/main.o
                0x0001a094                receive_buffer
 COMMON         0x0001a6d4      0x100 ../lab2_bsp//libhal_bsp.a(alt_irq_handler.o)
                0x0001a6d4                alt_irq
 COMMON         0x0001a7d4      0x190 /opt/altera/altera12.1/nios2eds/bin/gnu/H-i686-pc-linux-gnu/bin/../lib/gcc/nios2-elf/4.1.2/../../../../nios2-elf/lib/libc.a(lib_a-atexit.o)
                0x0001a7d4                _atexit0
                0x0001a964                . = ALIGN (0x4)
                0x0001a964                __bss_end = ABSOLUTE (.)

.sdram_0        0x0001a964        0x0
                0x0001a964                PROVIDE (_alt_partition_sdram_0_start, ABSOLUTE (.))
 *(.sdram_0. sdram_0.*)
                0x0001a964                . = ALIGN (0x4)
                0x0001a964                PROVIDE (_alt_partition_sdram_0_end, ABSOLUTE (.))
                0x0001a964                _end = ABSOLUTE (.)
                0x0001a964                end = ABSOLUTE (.)
                0x0001a964                __alt_stack_base = ABSOLUTE (.)
                0x0001a964                PROVIDE (_alt_partition_sdram_0_load_addr, LOADADDR (.sdram_0))

.cfi_flash_0    0x00800000        0x0
                0x00800000                PROVIDE (_alt_partition_cfi_flash_0_start, ABSOLUTE (.))
 *(.cfi_flash_0. cfi_flash_0.*)
                0x00800000                . = ALIGN (0x4)
                0x00800000                PROVIDE (_alt_partition_cfi_flash_0_end, ABSOLUTE (.))
                0x00800000                PROVIDE (_alt_partition_cfi_flash_0_load_addr, LOADADDR (.cfi_flash_0))

.epcs_controller
                0x00900820        0x0
                0x00900820                PROVIDE (_alt_partition_epcs_controller_start, ABSOLUTE (.))
 *(.epcs_controller. epcs_controller.*)
                0x00900820                . = ALIGN (0x4)
                0x00900820                PROVIDE (_alt_partition_epcs_controller_end, ABSOLUTE (.))
                0x00900820                PROVIDE (_alt_partition_epcs_controller_load_addr, LOADADDR (.epcs_controller))

.sram_0         0x00980000        0x0
                0x00980000                PROVIDE (_alt_partition_sram_0_start, ABSOLUTE (.))
 *(.sram_0. sram_0.*)
                0x00980000                . = ALIGN (0x4)
                0x00980000                PROVIDE (_alt_partition_sram_0_end, ABSOLUTE (.))
                0x00980000                PROVIDE (_alt_partition_sram_0_load_addr, LOADADDR (.sram_0))

.stab
 *(.stab)

.stabstr
 *(.stabstr)

.stab.excl
 *(.stab.excl)

.stab.exclstr
 *(.stab.exclstr)

.stab.index
 *(.stab.index)

.stab.indexstr
 *(.stab.indexstr)

.comment        0x00000000       0x23
 *(.comment)
 .comment       0x00000000       0x23 obj/default/DM9000A.o
                                 0x24 (size before relaxing)
 .comment       0x00000000       0x24 obj/default/LCD.o
 .comment       0x00000000       0x24 obj/default/VGA.o
 .comment       0x00000000       0x24 obj/default/alt_up_ps2_port.o
 .comment       0x00000000       0x24 obj/default/chargen.o
 .comment       0x00000000       0x24 obj/default/main.o
 .comment       0x00000000       0x24 obj/default/ps2_keyboard.o
 .comment       0x00000000       0x24 /opt/altera/altera12.1/nios2eds/bin/gnu/H-i686-pc-linux-gnu/bin/../lib/gcc/nios2-elf/4.1.2/../../../../nios2-elf/lib/libc.a(lib_a-printf.o)
 .comment       0x00000000       0x24 /opt/altera/altera12.1/nios2eds/bin/gnu/H-i686-pc-linux-gnu/bin/../lib/gcc/nios2-elf/4.1.2/../../../../nios2-elf/lib/libc.a(lib_a-putchar.o)
 .comment       0x00000000       0x24 /opt/altera/altera12.1/nios2eds/bin/gnu/H-i686-pc-linux-gnu/bin/../lib/gcc/nios2-elf/4.1.2/../../../../nios2-elf/lib/libc.a(lib_a-puts.o)
 .comment       0x00000000       0x24 /opt/altera/altera12.1/nios2eds/bin/gnu/H-i686-pc-linux-gnu/bin/../lib/gcc/nios2-elf/4.1.2/../../../../nios2-elf/lib/libc.a(lib_a-strlen.o)
 .comment       0x00000000       0x24 /opt/altera/altera12.1/nios2eds/bin/gnu/H-i686-pc-linux-gnu/bin/../lib/gcc/nios2-elf/4.1.2/../../../../nios2-elf/lib/libc.a(lib_a-vfprintf.o)
 .comment       0x00000000       0x24 /opt/altera/altera12.1/nios2eds/bin/gnu/H-i686-pc-linux-gnu/bin/../lib/gcc/nios2-elf/4.1.2/../../../../nios2-elf/lib/libc.a(lib_a-wsetup.o)
 .comment       0x00000000       0x24 /opt/altera/altera12.1/nios2eds/bin/gnu/H-i686-pc-linux-gnu/bin/../lib/gcc/nios2-elf/4.1.2/../../../../nios2-elf/lib/libc.a(lib_a-dtoa.o)
 .comment       0x00000000       0x24 /opt/altera/altera12.1/nios2eds/bin/gnu/H-i686-pc-linux-gnu/bin/../lib/gcc/nios2-elf/4.1.2/../../../../nios2-elf/lib/libc.a(lib_a-fflush.o)
 .comment       0x00000000       0x24 /opt/altera/altera12.1/nios2eds/bin/gnu/H-i686-pc-linux-gnu/bin/../lib/gcc/nios2-elf/4.1.2/../../../../nios2-elf/lib/libc.a(lib_a-findfp.o)
 .comment       0x00000000       0x24 /opt/altera/altera12.1/nios2eds/bin/gnu/H-i686-pc-linux-gnu/bin/../lib/gcc/nios2-elf/4.1.2/../../../../nios2-elf/lib/libc.a(lib_a-freer.o)
 .comment       0x00000000       0x24 /opt/altera/altera12.1/nios2eds/bin/gnu/H-i686-pc-linux-gnu/bin/../lib/gcc/nios2-elf/4.1.2/../../../../nios2-elf/lib/libc.a(lib_a-fvwrite.o)
 .comment       0x00000000       0x24 /opt/altera/altera12.1/nios2eds/bin/gnu/H-i686-pc-linux-gnu/bin/../lib/gcc/nios2-elf/4.1.2/../../../../nios2-elf/lib/libc.a(lib_a-fwalk.o)
 .comment       0x00000000       0x24 /opt/altera/altera12.1/nios2eds/bin/gnu/H-i686-pc-linux-gnu/bin/../lib/gcc/nios2-elf/4.1.2/../../../../nios2-elf/lib/libc.a(lib_a-impure.o)
 .comment       0x00000000       0x24 /opt/altera/altera12.1/nios2eds/bin/gnu/H-i686-pc-linux-gnu/bin/../lib/gcc/nios2-elf/4.1.2/../../../../nios2-elf/lib/libc.a(lib_a-locale.o)
 .comment       0x00000000       0x24 /opt/altera/altera12.1/nios2eds/bin/gnu/H-i686-pc-linux-gnu/bin/../lib/gcc/nios2-elf/4.1.2/../../../../nios2-elf/lib/libc.a(lib_a-makebuf.o)
 .comment       0x00000000       0x24 /opt/altera/altera12.1/nios2eds/bin/gnu/H-i686-pc-linux-gnu/bin/../lib/gcc/nios2-elf/4.1.2/../../../../nios2-elf/lib/libc.a(lib_a-mallocr.o)
 .comment       0x00000000       0x24 /opt/altera/altera12.1/nios2eds/bin/gnu/H-i686-pc-linux-gnu/bin/../lib/gcc/nios2-elf/4.1.2/../../../../nios2-elf/lib/libc.a(lib_a-memchr.o)
 .comment       0x00000000       0x24 /opt/altera/altera12.1/nios2eds/bin/gnu/H-i686-pc-linux-gnu/bin/../lib/gcc/nios2-elf/4.1.2/../../../../nios2-elf/lib/libc.a(lib_a-memcpy.o)
 .comment       0x00000000       0x24 /opt/altera/altera12.1/nios2eds/bin/gnu/H-i686-pc-linux-gnu/bin/../lib/gcc/nios2-elf/4.1.2/../../../../nios2-elf/lib/libc.a(lib_a-memmove.o)
 .comment       0x00000000       0x24 /opt/altera/altera12.1/nios2eds/bin/gnu/H-i686-pc-linux-gnu/bin/../lib/gcc/nios2-elf/4.1.2/../../../../nios2-elf/lib/libc.a(lib_a-memset.o)
 .comment       0x00000000       0x24 /opt/altera/altera12.1/nios2eds/bin/gnu/H-i686-pc-linux-gnu/bin/../lib/gcc/nios2-elf/4.1.2/../../../../nios2-elf/lib/libc.a(lib_a-mprec.o)
 .comment       0x00000000       0x24 /opt/altera/altera12.1/nios2eds/bin/gnu/H-i686-pc-linux-gnu/bin/../lib/gcc/nios2-elf/4.1.2/../../../../nios2-elf/lib/libc.a(lib_a-putc.o)
 .comment       0x00000000       0x24 /opt/altera/altera12.1/nios2eds/bin/gnu/H-i686-pc-linux-gnu/bin/../lib/gcc/nios2-elf/4.1.2/../../../../nios2-elf/lib/libc.a(lib_a-reallocr.o)
 .comment       0x00000000       0x24 /opt/altera/altera12.1/nios2eds/bin/gnu/H-i686-pc-linux-gnu/bin/../lib/gcc/nios2-elf/4.1.2/../../../../nios2-elf/lib/libc.a(lib_a-s_isinfd.o)
 .comment       0x00000000       0x24 /opt/altera/altera12.1/nios2eds/bin/gnu/H-i686-pc-linux-gnu/bin/../lib/gcc/nios2-elf/4.1.2/../../../../nios2-elf/lib/libc.a(lib_a-s_isnand.o)
 .comment       0x00000000       0x24 /opt/altera/altera12.1/nios2eds/bin/gnu/H-i686-pc-linux-gnu/bin/../lib/gcc/nios2-elf/4.1.2/../../../../nios2-elf/lib/libc.a(lib_a-sbrkr.o)
 .comment       0x00000000       0x24 /opt/altera/altera12.1/nios2eds/bin/gnu/H-i686-pc-linux-gnu/bin/../lib/gcc/nios2-elf/4.1.2/../../../../nios2-elf/lib/libc.a(lib_a-stdio.o)
 .comment       0x00000000       0x24 /opt/altera/altera12.1/nios2eds/bin/gnu/H-i686-pc-linux-gnu/bin/../lib/gcc/nios2-elf/4.1.2/../../../../nios2-elf/lib/libc.a(lib_a-strcmp.o)
 .comment       0x00000000       0x24 /opt/altera/altera12.1/nios2eds/bin/gnu/H-i686-pc-linux-gnu/bin/../lib/gcc/nios2-elf/4.1.2/../../../../nios2-elf/lib/libc.a(lib_a-wbuf.o)
 .comment       0x00000000       0x24 /opt/altera/altera12.1/nios2eds/bin/gnu/H-i686-pc-linux-gnu/bin/../lib/gcc/nios2-elf/4.1.2/../../../../nios2-elf/lib/libc.a(lib_a-writer.o)
 .comment       0x00000000       0x24 /opt/altera/altera12.1/nios2eds/bin/gnu/H-i686-pc-linux-gnu/bin/../lib/gcc/nios2-elf/4.1.2/../../../../nios2-elf/lib/libc.a(lib_a-callocr.o)
 .comment       0x00000000       0x24 /opt/altera/altera12.1/nios2eds/bin/gnu/H-i686-pc-linux-gnu/bin/../lib/gcc/nios2-elf/4.1.2/../../../../nios2-elf/lib/libc.a(lib_a-closer.o)
 .comment       0x00000000       0x24 /opt/altera/altera12.1/nios2eds/bin/gnu/H-i686-pc-linux-gnu/bin/../lib/gcc/nios2-elf/4.1.2/../../../../nios2-elf/lib/libc.a(lib_a-fclose.o)
 .comment       0x00000000       0x24 /opt/altera/altera12.1/nios2eds/bin/gnu/H-i686-pc-linux-gnu/bin/../lib/gcc/nios2-elf/4.1.2/../../../../nios2-elf/lib/libc.a(lib_a-fstatr.o)
 .comment       0x00000000       0x24 /opt/altera/altera12.1/nios2eds/bin/gnu/H-i686-pc-linux-gnu/bin/../lib/gcc/nios2-elf/4.1.2/../../../../nios2-elf/lib/libc.a(lib_a-int_errno.o)
 .comment       0x00000000       0x24 /opt/altera/altera12.1/nios2eds/bin/gnu/H-i686-pc-linux-gnu/bin/../lib/gcc/nios2-elf/4.1.2/../../../../nios2-elf/lib/libc.a(lib_a-isattyr.o)
 .comment       0x00000000       0x24 /opt/altera/altera12.1/nios2eds/bin/gnu/H-i686-pc-linux-gnu/bin/../lib/gcc/nios2-elf/4.1.2/../../../../nios2-elf/lib/libc.a(lib_a-lseekr.o)
 .comment       0x00000000       0x24 /opt/altera/altera12.1/nios2eds/bin/gnu/H-i686-pc-linux-gnu/bin/../lib/gcc/nios2-elf/4.1.2/../../../../nios2-elf/lib/libc.a(lib_a-readr.o)
 .comment       0x00000000       0x24 /opt/altera/altera12.1/nios2eds/bin/gnu/H-i686-pc-linux-gnu/bin/../lib/gcc/nios2-elf/4.1.2/libgcc.a(_udivdi3.o)
 .comment       0x00000000       0x24 /opt/altera/altera12.1/nios2eds/bin/gnu/H-i686-pc-linux-gnu/bin/../lib/gcc/nios2-elf/4.1.2/libgcc.a(_umoddi3.o)
 .comment       0x00000000       0x24 /opt/altera/altera12.1/nios2eds/bin/gnu/H-i686-pc-linux-gnu/bin/../lib/gcc/nios2-elf/4.1.2/libgcc.a(_addsub_df.o)
 .comment       0x00000000       0x24 /opt/altera/altera12.1/nios2eds/bin/gnu/H-i686-pc-linux-gnu/bin/../lib/gcc/nios2-elf/4.1.2/libgcc.a(_mul_df.o)
 .comment       0x00000000       0x24 /opt/altera/altera12.1/nios2eds/bin/gnu/H-i686-pc-linux-gnu/bin/../lib/gcc/nios2-elf/4.1.2/libgcc.a(_div_df.o)
 .comment       0x00000000       0x24 /opt/altera/altera12.1/nios2eds/bin/gnu/H-i686-pc-linux-gnu/bin/../lib/gcc/nios2-elf/4.1.2/libgcc.a(_eq_df.o)
 .comment       0x00000000       0x24 /opt/altera/altera12.1/nios2eds/bin/gnu/H-i686-pc-linux-gnu/bin/../lib/gcc/nios2-elf/4.1.2/libgcc.a(_ne_df.o)
 .comment       0x00000000       0x24 /opt/altera/altera12.1/nios2eds/bin/gnu/H-i686-pc-linux-gnu/bin/../lib/gcc/nios2-elf/4.1.2/libgcc.a(_gt_df.o)
 .comment       0x00000000       0x24 /opt/altera/altera12.1/nios2eds/bin/gnu/H-i686-pc-linux-gnu/bin/../lib/gcc/nios2-elf/4.1.2/libgcc.a(_ge_df.o)
 .comment       0x00000000       0x24 /opt/altera/altera12.1/nios2eds/bin/gnu/H-i686-pc-linux-gnu/bin/../lib/gcc/nios2-elf/4.1.2/libgcc.a(_lt_df.o)
 .comment       0x00000000       0x24 /opt/altera/altera12.1/nios2eds/bin/gnu/H-i686-pc-linux-gnu/bin/../lib/gcc/nios2-elf/4.1.2/libgcc.a(_si_to_df.o)
 .comment       0x00000000       0x24 /opt/altera/altera12.1/nios2eds/bin/gnu/H-i686-pc-linux-gnu/bin/../lib/gcc/nios2-elf/4.1.2/libgcc.a(_df_to_si.o)
 .comment       0x00000000       0x24 /opt/altera/altera12.1/nios2eds/bin/gnu/H-i686-pc-linux-gnu/bin/../lib/gcc/nios2-elf/4.1.2/libgcc.a(_thenan_df.o)
 .comment       0x00000000       0x24 /opt/altera/altera12.1/nios2eds/bin/gnu/H-i686-pc-linux-gnu/bin/../lib/gcc/nios2-elf/4.1.2/libgcc.a(_usi_to_df.o)
 .comment       0x00000000       0x24 /opt/altera/altera12.1/nios2eds/bin/gnu/H-i686-pc-linux-gnu/bin/../lib/gcc/nios2-elf/4.1.2/libgcc.a(lib2-divmod.o)
 .comment       0x00000000       0x24 /opt/altera/altera12.1/nios2eds/bin/gnu/H-i686-pc-linux-gnu/bin/../lib/gcc/nios2-elf/4.1.2/libgcc.a(_muldi3.o)
 .comment       0x00000000       0x24 /opt/altera/altera12.1/nios2eds/bin/gnu/H-i686-pc-linux-gnu/bin/../lib/gcc/nios2-elf/4.1.2/libgcc.a(_clz.o)
 .comment       0x00000000       0x24 /opt/altera/altera12.1/nios2eds/bin/gnu/H-i686-pc-linux-gnu/bin/../lib/gcc/nios2-elf/4.1.2/libgcc.a(_clzsi2.o)
 .comment       0x00000000       0x24 /opt/altera/altera12.1/nios2eds/bin/gnu/H-i686-pc-linux-gnu/bin/../lib/gcc/nios2-elf/4.1.2/libgcc.a(_pack_df.o)
 .comment       0x00000000       0x24 /opt/altera/altera12.1/nios2eds/bin/gnu/H-i686-pc-linux-gnu/bin/../lib/gcc/nios2-elf/4.1.2/libgcc.a(_unpack_df.o)
 .comment       0x00000000       0x24 /opt/altera/altera12.1/nios2eds/bin/gnu/H-i686-pc-linux-gnu/bin/../lib/gcc/nios2-elf/4.1.2/libgcc.a(_fpcmp_parts_df.o)
 .comment       0x00000000       0x24 ../lab2_bsp//libhal_bsp.a(alt_close.o)
 .comment       0x00000000       0x24 ../lab2_bsp//libhal_bsp.a(alt_dev.o)
 .comment       0x00000000       0x24 ../lab2_bsp//libhal_bsp.a(alt_errno.o)
 .comment       0x00000000       0x24 ../lab2_bsp//libhal_bsp.a(alt_fstat.o)
 .comment       0x00000000       0x24 ../lab2_bsp//libhal_bsp.a(alt_irq_register.o)
 .comment       0x00000000       0x24 ../lab2_bsp//libhal_bsp.a(alt_irq_vars.o)
 .comment       0x00000000       0x24 ../lab2_bsp//libhal_bsp.a(alt_isatty.o)
 .comment       0x00000000       0x24 ../lab2_bsp//libhal_bsp.a(alt_lseek.o)
 .comment       0x00000000       0x24 ../lab2_bsp//libhal_bsp.a(alt_main.o)
 .comment       0x00000000       0x24 ../lab2_bsp//libhal_bsp.a(alt_malloc_lock.o)
 .comment       0x00000000       0x24 ../lab2_bsp//libhal_bsp.a(alt_read.o)
 .comment       0x00000000       0x24 ../lab2_bsp//libhal_bsp.a(alt_release_fd.o)
 .comment       0x00000000       0x24 ../lab2_bsp//libhal_bsp.a(alt_sbrk.o)
 .comment       0x00000000       0x24 ../lab2_bsp//libhal_bsp.a(alt_usleep.o)
 .comment       0x00000000       0x24 ../lab2_bsp//libhal_bsp.a(alt_write.o)
 .comment       0x00000000       0x24 ../lab2_bsp//libhal_bsp.a(alt_sys_init.o)
 .comment       0x00000000       0x24 ../lab2_bsp//libhal_bsp.a(altera_avalon_cfi_flash.o)
 .comment       0x00000000       0x24 ../lab2_bsp//libhal_bsp.a(altera_avalon_cfi_flash_table.o)
 .comment       0x00000000       0x24 ../lab2_bsp//libhal_bsp.a(altera_avalon_epcs_flash_controller.o)
 .comment       0x00000000       0x24 ../lab2_bsp//libhal_bsp.a(altera_avalon_jtag_uart_fd.o)
 .comment       0x00000000       0x24 ../lab2_bsp//libhal_bsp.a(altera_avalon_jtag_uart_init.o)
 .comment       0x00000000       0x24 ../lab2_bsp//libhal_bsp.a(altera_avalon_jtag_uart_ioctl.o)
 .comment       0x00000000       0x24 ../lab2_bsp//libhal_bsp.a(altera_avalon_jtag_uart_read.o)